---
source: crates/apollo-mcp-server/src/introspection/tools/search.rs
expression: paths
---
[
    "Subscription",
    "Subscription -> Notification",
    "Subscription -> Notification -> JSON",
    "Subscription -> Notification -> DateTime",
    "Subscription -> Notification -> User",
    "Subscription -> Notification -> User -> UserPreferences",
    "Subscription -> Notification -> User -> UserPreferences -> PrivacySettings",
    "Subscription -> Notification -> User -> UserPreferences -> NotificationPreferences",
    "Subscription -> Notification -> User -> Comment",
    "Subscription -> Notification -> User -> Comment -> Reaction",
    "Subscription -> Notification -> User -> Comment -> Reaction -> DateTime",
    "Subscription -> Notification -> User -> Comment -> Post",
    "Subscription -> Notification -> User -> Comment -> Post -> PostAnalytics",
    "Subscription -> Notification -> User -> Comment -> Post -> PostAnalytics -> Demographics",
    "Subscription -> Notification -> User -> Comment -> Post -> PostAnalytics -> Demographics -> DeviceStats",
    "Subscription -> Notification -> User -> Comment -> Post -> PostAnalytics -> Demographics -> LocationStats",
    "Subscription -> Notification -> User -> Comment -> Post -> PostAnalytics -> Demographics -> AgeGroup",
    "Subscription -> Notification -> User -> Comment -> Post -> Tag",
    "Subscription -> Notification -> User -> Comment -> Post -> Media",
    "Subscription -> Notification -> User -> Comment -> Post -> Media -> MediaMetadata",
    "Subscription -> Notification -> User -> Comment -> Post -> Media -> MediaMetadata -> Dimensions",
    "Subscription -> Notification -> User -> Comment -> Post -> Media -> MediaType",
    "Subscription -> Notification -> User -> Comment -> Post -> JSON",
    "Subscription -> Notification -> User -> Comment -> Post -> ContentStatus",
    "Subscription -> Notification -> User -> Comment -> Post -> DateTime",
    "Subscription -> Notification -> User -> Comment -> DateTime",
    "Subscription -> Notification -> User -> Post",
    "Subscription -> Notification -> User -> Post -> PostAnalytics",
    "Subscription -> Notification -> User -> Post -> PostAnalytics -> Demographics",
    "Subscription -> Notification -> User -> Post -> PostAnalytics -> Demographics -> DeviceStats",
    "Subscription -> Notification -> User -> Post -> PostAnalytics -> Demographics -> LocationStats",
    "Subscription -> Notification -> User -> Post -> PostAnalytics -> Demographics -> AgeGroup",
    "Subscription -> Notification -> User -> Post -> Tag",
    "Subscription -> Notification -> User -> Post -> Media",
    "Subscription -> Notification -> User -> Post -> Media -> MediaMetadata",
    "Subscription -> Notification -> User -> Post -> Media -> MediaMetadata -> Dimensions",
    "Subscription -> Notification -> User -> Post -> Media -> MediaType",
    "Subscription -> Notification -> User -> Post -> Comment",
    "Subscription -> Notification -> User -> Post -> Comment -> Reaction",
    "Subscription -> Notification -> User -> Post -> Comment -> Reaction -> DateTime",
    "Subscription -> Notification -> User -> Post -> Comment -> DateTime",
    "Subscription -> Notification -> User -> Post -> JSON",
    "Subscription -> Notification -> User -> Post -> ContentStatus",
    "Subscription -> Notification -> User -> Post -> DateTime",
    "Subscription -> Notification -> User -> UserProfile",
    "Subscription -> Notification -> User -> UserProfile -> Location",
    "Subscription -> Notification -> User -> UserProfile -> Location -> Coordinates",
    "Subscription -> Notification -> User -> UserProfile -> SocialLink",
    "Subscription -> Notification -> User -> UserProfile -> Media",
    "Subscription -> Notification -> User -> UserProfile -> Media -> MediaMetadata",
    "Subscription -> Notification -> User -> UserProfile -> Media -> MediaMetadata -> Dimensions",
    "Subscription -> Notification -> User -> UserProfile -> Media -> MediaType",
    "Subscription -> Notification -> User -> UserRole",
    "Subscription -> Notification -> User -> DateTime",
    "Subscription -> Notification -> NotificationPriority",
    "Subscription -> Comment",
    "Subscription -> Comment -> Reaction",
    "Subscription -> Comment -> Reaction -> DateTime",
    "Subscription -> Comment -> Reaction -> User",
    "Subscription -> Comment -> Reaction -> User -> UserPreferences",
    "Subscription -> Comment -> Reaction -> User -> UserPreferences -> PrivacySettings",
    "Subscription -> Comment -> Reaction -> User -> UserPreferences -> NotificationPreferences",
    "Subscription -> Comment -> Reaction -> User -> Notification",
    "Subscription -> Comment -> Reaction -> User -> Notification -> JSON",
    "Subscription -> Comment -> Reaction -> User -> Notification -> DateTime",
    "Subscription -> Comment -> Reaction -> User -> Notification -> NotificationPriority",
    "Subscription -> Comment -> Reaction -> User -> Post",
    "Subscription -> Comment -> Reaction -> User -> Post -> PostAnalytics",
    "Subscription -> Comment -> Reaction -> User -> Post -> PostAnalytics -> Demographics",
    "Subscription -> Comment -> Reaction -> User -> Post -> PostAnalytics -> Demographics -> DeviceStats",
    "Subscription -> Comment -> Reaction -> User -> Post -> PostAnalytics -> Demographics -> LocationStats",
    "Subscription -> Comment -> Reaction -> User -> Post -> PostAnalytics -> Demographics -> AgeGroup",
    "Subscription -> Comment -> Reaction -> User -> Post -> Tag",
    "Subscription -> Comment -> Reaction -> User -> Post -> Media",
    "Subscription -> Comment -> Reaction -> User -> Post -> Media -> MediaMetadata",
    "Subscription -> Comment -> Reaction -> User -> Post -> Media -> MediaMetadata -> Dimensions",
    "Subscription -> Comment -> Reaction -> User -> Post -> Media -> MediaType",
    "Subscription -> Comment -> Reaction -> User -> Post -> JSON",
    "Subscription -> Comment -> Reaction -> User -> Post -> ContentStatus",
    "Subscription -> Comment -> Reaction -> User -> Post -> DateTime",
    "Subscription -> Comment -> Reaction -> User -> UserProfile",
    "Subscription -> Comment -> Reaction -> User -> UserProfile -> Location",
    "Subscription -> Comment -> Reaction -> User -> UserProfile -> Location -> Coordinates",
    "Subscription -> Comment -> Reaction -> User -> UserProfile -> SocialLink",
    "Subscription -> Comment -> Reaction -> User -> UserProfile -> Media",
    "Subscription -> Comment -> Reaction -> User -> UserProfile -> Media -> MediaMetadata",
    "Subscription -> Comment -> Reaction -> User -> UserProfile -> Media -> MediaMetadata -> Dimensions",
    "Subscription -> Comment -> Reaction -> User -> UserProfile -> Media -> MediaType",
    "Subscription -> Comment -> Reaction -> User -> UserRole",
    "Subscription -> Comment -> Reaction -> User -> DateTime",
    "Subscription -> Comment -> Post",
    "Subscription -> Comment -> Post -> PostAnalytics",
    "Subscription -> Comment -> Post -> PostAnalytics -> Demographics",
    "Subscription -> Comment -> Post -> PostAnalytics -> Demographics -> DeviceStats",
    "Subscription -> Comment -> Post -> PostAnalytics -> Demographics -> LocationStats",
    "Subscription -> Comment -> Post -> PostAnalytics -> Demographics -> AgeGroup",
    "Subscription -> Comment -> Post -> Tag",
    "Subscription -> Comment -> Post -> Media",
    "Subscription -> Comment -> Post -> Media -> User",
    "Subscription -> Comment -> Post -> Media -> User -> UserPreferences",
    "Subscription -> Comment -> Post -> Media -> User -> UserPreferences -> PrivacySettings",
    "Subscription -> Comment -> Post -> Media -> User -> UserPreferences -> NotificationPreferences",
    "Subscription -> Comment -> Post -> Media -> User -> Notification",
    "Subscription -> Comment -> Post -> Media -> User -> Notification -> JSON",
    "Subscription -> Comment -> Post -> Media -> User -> Notification -> DateTime",
    "Subscription -> Comment -> Post -> Media -> User -> Notification -> NotificationPriority",
    "Subscription -> Comment -> Post -> Media -> User -> UserProfile",
    "Subscription -> Comment -> Post -> Media -> User -> UserProfile -> Location",
    "Subscription -> Comment -> Post -> Media -> User -> UserProfile -> Location -> Coordinates",
    "Subscription -> Comment -> Post -> Media -> User -> UserProfile -> SocialLink",
    "Subscription -> Comment -> Post -> Media -> User -> UserRole",
    "Subscription -> Comment -> Post -> Media -> User -> DateTime",
    "Subscription -> Comment -> Post -> Media -> MediaMetadata",
    "Subscription -> Comment -> Post -> Media -> MediaMetadata -> Dimensions",
    "Subscription -> Comment -> Post -> Media -> MediaType",
    "Subscription -> Comment -> Post -> JSON",
    "Subscription -> Comment -> Post -> User",
    "Subscription -> Comment -> Post -> User -> UserPreferences",
    "Subscription -> Comment -> Post -> User -> UserPreferences -> PrivacySettings",
    "Subscription -> Comment -> Post -> User -> UserPreferences -> NotificationPreferences",
    "Subscription -> Comment -> Post -> User -> Notification",
    "Subscription -> Comment -> Post -> User -> Notification -> JSON",
    "Subscription -> Comment -> Post -> User -> Notification -> DateTime",
    "Subscription -> Comment -> Post -> User -> Notification -> NotificationPriority",
    "Subscription -> Comment -> Post -> User -> UserProfile",
    "Subscription -> Comment -> Post -> User -> UserProfile -> Location",
    "Subscription -> Comment -> Post -> User -> UserProfile -> Location -> Coordinates",
    "Subscription -> Comment -> Post -> User -> UserProfile -> SocialLink",
    "Subscription -> Comment -> Post -> User -> UserProfile -> Media",
    "Subscription -> Comment -> Post -> User -> UserProfile -> Media -> MediaMetadata",
    "Subscription -> Comment -> Post -> User -> UserProfile -> Media -> MediaMetadata -> Dimensions",
    "Subscription -> Comment -> Post -> User -> UserProfile -> Media -> MediaType",
    "Subscription -> Comment -> Post -> User -> UserRole",
    "Subscription -> Comment -> Post -> User -> DateTime",
    "Subscription -> Comment -> Post -> ContentStatus",
    "Subscription -> Comment -> Post -> DateTime",
    "Subscription -> Comment -> User",
    "Subscription -> Comment -> User -> UserPreferences",
    "Subscription -> Comment -> User -> UserPreferences -> PrivacySettings",
    "Subscription -> Comment -> User -> UserPreferences -> NotificationPreferences",
    "Subscription -> Comment -> User -> Notification",
    "Subscription -> Comment -> User -> Notification -> JSON",
    "Subscription -> Comment -> User -> Notification -> DateTime",
    "Subscription -> Comment -> User -> Notification -> NotificationPriority",
    "Subscription -> Comment -> User -> Post",
    "Subscription -> Comment -> User -> Post -> PostAnalytics",
    "Subscription -> Comment -> User -> Post -> PostAnalytics -> Demographics",
    "Subscription -> Comment -> User -> Post -> PostAnalytics -> Demographics -> DeviceStats",
    "Subscription -> Comment -> User -> Post -> PostAnalytics -> Demographics -> LocationStats",
    "Subscription -> Comment -> User -> Post -> PostAnalytics -> Demographics -> AgeGroup",
    "Subscription -> Comment -> User -> Post -> Tag",
    "Subscription -> Comment -> User -> Post -> Media",
    "Subscription -> Comment -> User -> Post -> Media -> MediaMetadata",
    "Subscription -> Comment -> User -> Post -> Media -> MediaMetadata -> Dimensions",
    "Subscription -> Comment -> User -> Post -> Media -> MediaType",
    "Subscription -> Comment -> User -> Post -> JSON",
    "Subscription -> Comment -> User -> Post -> ContentStatus",
    "Subscription -> Comment -> User -> Post -> DateTime",
    "Subscription -> Comment -> User -> UserProfile",
    "Subscription -> Comment -> User -> UserProfile -> Location",
    "Subscription -> Comment -> User -> UserProfile -> Location -> Coordinates",
    "Subscription -> Comment -> User -> UserProfile -> SocialLink",
    "Subscription -> Comment -> User -> UserProfile -> Media",
    "Subscription -> Comment -> User -> UserProfile -> Media -> MediaMetadata",
    "Subscription -> Comment -> User -> UserProfile -> Media -> MediaMetadata -> Dimensions",
    "Subscription -> Comment -> User -> UserProfile -> Media -> MediaType",
    "Subscription -> Comment -> User -> UserRole",
    "Subscription -> Comment -> User -> DateTime",
    "Subscription -> Comment -> DateTime",
    "Subscription -> Post",
    "Subscription -> Post -> PostAnalytics",
    "Subscription -> Post -> PostAnalytics -> Demographics",
    "Subscription -> Post -> PostAnalytics -> Demographics -> DeviceStats",
    "Subscription -> Post -> PostAnalytics -> Demographics -> LocationStats",
    "Subscription -> Post -> PostAnalytics -> Demographics -> AgeGroup",
    "Subscription -> Post -> Tag",
    "Subscription -> Post -> Media",
    "Subscription -> Post -> Media -> User",
    "Subscription -> Post -> Media -> User -> UserPreferences",
    "Subscription -> Post -> Media -> User -> UserPreferences -> PrivacySettings",
    "Subscription -> Post -> Media -> User -> UserPreferences -> NotificationPreferences",
    "Subscription -> Post -> Media -> User -> Notification",
    "Subscription -> Post -> Media -> User -> Notification -> JSON",
    "Subscription -> Post -> Media -> User -> Notification -> DateTime",
    "Subscription -> Post -> Media -> User -> Notification -> NotificationPriority",
    "Subscription -> Post -> Media -> User -> Comment",
    "Subscription -> Post -> Media -> User -> Comment -> Reaction",
    "Subscription -> Post -> Media -> User -> Comment -> Reaction -> DateTime",
    "Subscription -> Post -> Media -> User -> Comment -> DateTime",
    "Subscription -> Post -> Media -> User -> UserProfile",
    "Subscription -> Post -> Media -> User -> UserProfile -> Location",
    "Subscription -> Post -> Media -> User -> UserProfile -> Location -> Coordinates",
    "Subscription -> Post -> Media -> User -> UserProfile -> SocialLink",
    "Subscription -> Post -> Media -> User -> UserRole",
    "Subscription -> Post -> Media -> User -> DateTime",
    "Subscription -> Post -> Media -> MediaMetadata",
    "Subscription -> Post -> Media -> MediaMetadata -> Dimensions",
    "Subscription -> Post -> Media -> MediaType",
    "Subscription -> Post -> Comment",
    "Subscription -> Post -> Comment -> Reaction",
    "Subscription -> Post -> Comment -> Reaction -> DateTime",
    "Subscription -> Post -> Comment -> Reaction -> User",
    "Subscription -> Post -> Comment -> Reaction -> User -> UserPreferences",
    "Subscription -> Post -> Comment -> Reaction -> User -> UserPreferences -> PrivacySettings",
    "Subscription -> Post -> Comment -> Reaction -> User -> UserPreferences -> NotificationPreferences",
    "Subscription -> Post -> Comment -> Reaction -> User -> Notification",
    "Subscription -> Post -> Comment -> Reaction -> User -> Notification -> JSON",
    "Subscription -> Post -> Comment -> Reaction -> User -> Notification -> DateTime",
    "Subscription -> Post -> Comment -> Reaction -> User -> Notification -> NotificationPriority",
    "Subscription -> Post -> Comment -> Reaction -> User -> UserProfile",
    "Subscription -> Post -> Comment -> Reaction -> User -> UserProfile -> Location",
    "Subscription -> Post -> Comment -> Reaction -> User -> UserProfile -> Location -> Coordinates",
    "Subscription -> Post -> Comment -> Reaction -> User -> UserProfile -> SocialLink",
    "Subscription -> Post -> Comment -> Reaction -> User -> UserProfile -> Media",
    "Subscription -> Post -> Comment -> Reaction -> User -> UserProfile -> Media -> MediaMetadata",
    "Subscription -> Post -> Comment -> Reaction -> User -> UserProfile -> Media -> MediaMetadata -> Dimensions",
    "Subscription -> Post -> Comment -> Reaction -> User -> UserProfile -> Media -> MediaType",
    "Subscription -> Post -> Comment -> Reaction -> User -> UserRole",
    "Subscription -> Post -> Comment -> Reaction -> User -> DateTime",
    "Subscription -> Post -> Comment -> User",
    "Subscription -> Post -> Comment -> User -> UserPreferences",
    "Subscription -> Post -> Comment -> User -> UserPreferences -> PrivacySettings",
    "Subscription -> Post -> Comment -> User -> UserPreferences -> NotificationPreferences",
    "Subscription -> Post -> Comment -> User -> Notification",
    "Subscription -> Post -> Comment -> User -> Notification -> JSON",
    "Subscription -> Post -> Comment -> User -> Notification -> DateTime",
    "Subscription -> Post -> Comment -> User -> Notification -> NotificationPriority",
    "Subscription -> Post -> Comment -> User -> UserProfile",
    "Subscription -> Post -> Comment -> User -> UserProfile -> Location",
    "Subscription -> Post -> Comment -> User -> UserProfile -> Location -> Coordinates",
    "Subscription -> Post -> Comment -> User -> UserProfile -> SocialLink",
    "Subscription -> Post -> Comment -> User -> UserProfile -> Media",
    "Subscription -> Post -> Comment -> User -> UserProfile -> Media -> MediaMetadata",
    "Subscription -> Post -> Comment -> User -> UserProfile -> Media -> MediaMetadata -> Dimensions",
    "Subscription -> Post -> Comment -> User -> UserProfile -> Media -> MediaType",
    "Subscription -> Post -> Comment -> User -> UserRole",
    "Subscription -> Post -> Comment -> User -> DateTime",
    "Subscription -> Post -> Comment -> DateTime",
    "Subscription -> Post -> JSON",
    "Subscription -> Post -> User",
    "Subscription -> Post -> User -> UserPreferences",
    "Subscription -> Post -> User -> UserPreferences -> PrivacySettings",
    "Subscription -> Post -> User -> UserPreferences -> NotificationPreferences",
    "Subscription -> Post -> User -> Notification",
    "Subscription -> Post -> User -> Notification -> JSON",
    "Subscription -> Post -> User -> Notification -> DateTime",
    "Subscription -> Post -> User -> Notification -> NotificationPriority",
    "Subscription -> Post -> User -> Comment",
    "Subscription -> Post -> User -> Comment -> Reaction",
    "Subscription -> Post -> User -> Comment -> Reaction -> DateTime",
    "Subscription -> Post -> User -> Comment -> DateTime",
    "Subscription -> Post -> User -> UserProfile",
    "Subscription -> Post -> User -> UserProfile -> Location",
    "Subscription -> Post -> User -> UserProfile -> Location -> Coordinates",
    "Subscription -> Post -> User -> UserProfile -> SocialLink",
    "Subscription -> Post -> User -> UserProfile -> Media",
    "Subscription -> Post -> User -> UserProfile -> Media -> MediaMetadata",
    "Subscription -> Post -> User -> UserProfile -> Media -> MediaMetadata -> Dimensions",
    "Subscription -> Post -> User -> UserProfile -> Media -> MediaType",
    "Subscription -> Post -> User -> UserRole",
    "Subscription -> Post -> User -> DateTime",
    "Subscription -> Post -> ContentStatus",
    "Subscription -> Post -> DateTime",
    "Mutation",
    "Mutation -> UserPreferences",
    "Mutation -> UserPreferences -> PrivacySettings",
    "Mutation -> UserPreferences -> NotificationPreferences",
    "Mutation -> Media",
    "Mutation -> Media -> User",
    "Mutation -> Media -> User -> UserPreferences",
    "Mutation -> Media -> User -> UserPreferences -> PrivacySettings",
    "Mutation -> Media -> User -> UserPreferences -> NotificationPreferences",
    "Mutation -> Media -> User -> Notification",
    "Mutation -> Media -> User -> Notification -> JSON",
    "Mutation -> Media -> User -> Notification -> DateTime",
    "Mutation -> Media -> User -> Notification -> NotificationPriority",
    "Mutation -> Media -> User -> Comment",
    "Mutation -> Media -> User -> Comment -> Reaction",
    "Mutation -> Media -> User -> Comment -> Reaction -> DateTime",
    "Mutation -> Media -> User -> Comment -> Post",
    "Mutation -> Media -> User -> Comment -> Post -> PostAnalytics",
    "Mutation -> Media -> User -> Comment -> Post -> PostAnalytics -> Demographics",
    "Mutation -> Media -> User -> Comment -> Post -> PostAnalytics -> Demographics -> DeviceStats",
    "Mutation -> Media -> User -> Comment -> Post -> PostAnalytics -> Demographics -> LocationStats",
    "Mutation -> Media -> User -> Comment -> Post -> PostAnalytics -> Demographics -> AgeGroup",
    "Mutation -> Media -> User -> Comment -> Post -> Tag",
    "Mutation -> Media -> User -> Comment -> Post -> JSON",
    "Mutation -> Media -> User -> Comment -> Post -> ContentStatus",
    "Mutation -> Media -> User -> Comment -> Post -> DateTime",
    "Mutation -> Media -> User -> Comment -> DateTime",
    "Mutation -> Media -> User -> Post",
    "Mutation -> Media -> User -> Post -> PostAnalytics",
    "Mutation -> Media -> User -> Post -> PostAnalytics -> Demographics",
    "Mutation -> Media -> User -> Post -> PostAnalytics -> Demographics -> DeviceStats",
    "Mutation -> Media -> User -> Post -> PostAnalytics -> Demographics -> LocationStats",
    "Mutation -> Media -> User -> Post -> PostAnalytics -> Demographics -> AgeGroup",
    "Mutation -> Media -> User -> Post -> Tag",
    "Mutation -> Media -> User -> Post -> Comment",
    "Mutation -> Media -> User -> Post -> Comment -> Reaction",
    "Mutation -> Media -> User -> Post -> Comment -> Reaction -> DateTime",
    "Mutation -> Media -> User -> Post -> Comment -> DateTime",
    "Mutation -> Media -> User -> Post -> JSON",
    "Mutation -> Media -> User -> Post -> ContentStatus",
    "Mutation -> Media -> User -> Post -> DateTime",
    "Mutation -> Media -> User -> UserProfile",
    "Mutation -> Media -> User -> UserProfile -> Location",
    "Mutation -> Media -> User -> UserProfile -> Location -> Coordinates",
    "Mutation -> Media -> User -> UserProfile -> SocialLink",
    "Mutation -> Media -> User -> UserRole",
    "Mutation -> Media -> User -> DateTime",
    "Mutation -> Media -> MediaMetadata",
    "Mutation -> Media -> MediaMetadata -> Dimensions",
    "Mutation -> Media -> MediaType",
    "Mutation -> Comment",
    "Mutation -> Comment -> Reaction",
    "Mutation -> Comment -> Reaction -> DateTime",
    "Mutation -> Comment -> Reaction -> User",
    "Mutation -> Comment -> Reaction -> User -> UserPreferences",
    "Mutation -> Comment -> Reaction -> User -> UserPreferences -> PrivacySettings",
    "Mutation -> Comment -> Reaction -> User -> UserPreferences -> NotificationPreferences",
    "Mutation -> Comment -> Reaction -> User -> Notification",
    "Mutation -> Comment -> Reaction -> User -> Notification -> JSON",
    "Mutation -> Comment -> Reaction -> User -> Notification -> DateTime",
    "Mutation -> Comment -> Reaction -> User -> Notification -> NotificationPriority",
    "Mutation -> Comment -> Reaction -> User -> Post",
    "Mutation -> Comment -> Reaction -> User -> Post -> PostAnalytics",
    "Mutation -> Comment -> Reaction -> User -> Post -> PostAnalytics -> Demographics",
    "Mutation -> Comment -> Reaction -> User -> Post -> PostAnalytics -> Demographics -> DeviceStats",
    "Mutation -> Comment -> Reaction -> User -> Post -> PostAnalytics -> Demographics -> LocationStats",
    "Mutation -> Comment -> Reaction -> User -> Post -> PostAnalytics -> Demographics -> AgeGroup",
    "Mutation -> Comment -> Reaction -> User -> Post -> Tag",
    "Mutation -> Comment -> Reaction -> User -> Post -> Media",
    "Mutation -> Comment -> Reaction -> User -> Post -> Media -> MediaMetadata",
    "Mutation -> Comment -> Reaction -> User -> Post -> Media -> MediaMetadata -> Dimensions",
    "Mutation -> Comment -> Reaction -> User -> Post -> Media -> MediaType",
    "Mutation -> Comment -> Reaction -> User -> Post -> JSON",
    "Mutation -> Comment -> Reaction -> User -> Post -> ContentStatus",
    "Mutation -> Comment -> Reaction -> User -> Post -> DateTime",
    "Mutation -> Comment -> Reaction -> User -> UserProfile",
    "Mutation -> Comment -> Reaction -> User -> UserProfile -> Location",
    "Mutation -> Comment -> Reaction -> User -> UserProfile -> Location -> Coordinates",
    "Mutation -> Comment -> Reaction -> User -> UserProfile -> SocialLink",
    "Mutation -> Comment -> Reaction -> User -> UserProfile -> Media",
    "Mutation -> Comment -> Reaction -> User -> UserProfile -> Media -> MediaMetadata",
    "Mutation -> Comment -> Reaction -> User -> UserProfile -> Media -> MediaMetadata -> Dimensions",
    "Mutation -> Comment -> Reaction -> User -> UserProfile -> Media -> MediaType",
    "Mutation -> Comment -> Reaction -> User -> UserRole",
    "Mutation -> Comment -> Reaction -> User -> DateTime",
    "Mutation -> Comment -> Post",
    "Mutation -> Comment -> Post -> PostAnalytics",
    "Mutation -> Comment -> Post -> PostAnalytics -> Demographics",
    "Mutation -> Comment -> Post -> PostAnalytics -> Demographics -> DeviceStats",
    "Mutation -> Comment -> Post -> PostAnalytics -> Demographics -> LocationStats",
    "Mutation -> Comment -> Post -> PostAnalytics -> Demographics -> AgeGroup",
    "Mutation -> Comment -> Post -> Tag",
    "Mutation -> Comment -> Post -> Media",
    "Mutation -> Comment -> Post -> Media -> User",
    "Mutation -> Comment -> Post -> Media -> User -> UserPreferences",
    "Mutation -> Comment -> Post -> Media -> User -> UserPreferences -> PrivacySettings",
    "Mutation -> Comment -> Post -> Media -> User -> UserPreferences -> NotificationPreferences",
    "Mutation -> Comment -> Post -> Media -> User -> Notification",
    "Mutation -> Comment -> Post -> Media -> User -> Notification -> JSON",
    "Mutation -> Comment -> Post -> Media -> User -> Notification -> DateTime",
    "Mutation -> Comment -> Post -> Media -> User -> Notification -> NotificationPriority",
    "Mutation -> Comment -> Post -> Media -> User -> UserProfile",
    "Mutation -> Comment -> Post -> Media -> User -> UserProfile -> Location",
    "Mutation -> Comment -> Post -> Media -> User -> UserProfile -> Location -> Coordinates",
    "Mutation -> Comment -> Post -> Media -> User -> UserProfile -> SocialLink",
    "Mutation -> Comment -> Post -> Media -> User -> UserRole",
    "Mutation -> Comment -> Post -> Media -> User -> DateTime",
    "Mutation -> Comment -> Post -> Media -> MediaMetadata",
    "Mutation -> Comment -> Post -> Media -> MediaMetadata -> Dimensions",
    "Mutation -> Comment -> Post -> Media -> MediaType",
    "Mutation -> Comment -> Post -> JSON",
    "Mutation -> Comment -> Post -> User",
    "Mutation -> Comment -> Post -> User -> UserPreferences",
    "Mutation -> Comment -> Post -> User -> UserPreferences -> PrivacySettings",
    "Mutation -> Comment -> Post -> User -> UserPreferences -> NotificationPreferences",
    "Mutation -> Comment -> Post -> User -> Notification",
    "Mutation -> Comment -> Post -> User -> Notification -> JSON",
    "Mutation -> Comment -> Post -> User -> Notification -> DateTime",
    "Mutation -> Comment -> Post -> User -> Notification -> NotificationPriority",
    "Mutation -> Comment -> Post -> User -> UserProfile",
    "Mutation -> Comment -> Post -> User -> UserProfile -> Location",
    "Mutation -> Comment -> Post -> User -> UserProfile -> Location -> Coordinates",
    "Mutation -> Comment -> Post -> User -> UserProfile -> SocialLink",
    "Mutation -> Comment -> Post -> User -> UserProfile -> Media",
    "Mutation -> Comment -> Post -> User -> UserProfile -> Media -> MediaMetadata",
    "Mutation -> Comment -> Post -> User -> UserProfile -> Media -> MediaMetadata -> Dimensions",
    "Mutation -> Comment -> Post -> User -> UserProfile -> Media -> MediaType",
    "Mutation -> Comment -> Post -> User -> UserRole",
    "Mutation -> Comment -> Post -> User -> DateTime",
    "Mutation -> Comment -> Post -> ContentStatus",
    "Mutation -> Comment -> Post -> DateTime",
    "Mutation -> Comment -> User",
    "Mutation -> Comment -> User -> UserPreferences",
    "Mutation -> Comment -> User -> UserPreferences -> PrivacySettings",
    "Mutation -> Comment -> User -> UserPreferences -> NotificationPreferences",
    "Mutation -> Comment -> User -> Notification",
    "Mutation -> Comment -> User -> Notification -> JSON",
    "Mutation -> Comment -> User -> Notification -> DateTime",
    "Mutation -> Comment -> User -> Notification -> NotificationPriority",
    "Mutation -> Comment -> User -> Post",
    "Mutation -> Comment -> User -> Post -> PostAnalytics",
    "Mutation -> Comment -> User -> Post -> PostAnalytics -> Demographics",
    "Mutation -> Comment -> User -> Post -> PostAnalytics -> Demographics -> DeviceStats",
    "Mutation -> Comment -> User -> Post -> PostAnalytics -> Demographics -> LocationStats",
    "Mutation -> Comment -> User -> Post -> PostAnalytics -> Demographics -> AgeGroup",
    "Mutation -> Comment -> User -> Post -> Tag",
    "Mutation -> Comment -> User -> Post -> Media",
    "Mutation -> Comment -> User -> Post -> Media -> MediaMetadata",
    "Mutation -> Comment -> User -> Post -> Media -> MediaMetadata -> Dimensions",
    "Mutation -> Comment -> User -> Post -> Media -> MediaType",
    "Mutation -> Comment -> User -> Post -> JSON",
    "Mutation -> Comment -> User -> Post -> ContentStatus",
    "Mutation -> Comment -> User -> Post -> DateTime",
    "Mutation -> Comment -> User -> UserProfile",
    "Mutation -> Comment -> User -> UserProfile -> Location",
    "Mutation -> Comment -> User -> UserProfile -> Location -> Coordinates",
    "Mutation -> Comment -> User -> UserProfile -> SocialLink",
    "Mutation -> Comment -> User -> UserProfile -> Media",
    "Mutation -> Comment -> User -> UserProfile -> Media -> MediaMetadata",
    "Mutation -> Comment -> User -> UserProfile -> Media -> MediaMetadata -> Dimensions",
    "Mutation -> Comment -> User -> UserProfile -> Media -> MediaType",
    "Mutation -> Comment -> User -> UserRole",
    "Mutation -> Comment -> User -> DateTime",
    "Mutation -> Comment -> DateTime",
    "Mutation -> Post",
    "Mutation -> Post -> PostAnalytics",
    "Mutation -> Post -> PostAnalytics -> Demographics",
    "Mutation -> Post -> PostAnalytics -> Demographics -> DeviceStats",
    "Mutation -> Post -> PostAnalytics -> Demographics -> LocationStats",
    "Mutation -> Post -> PostAnalytics -> Demographics -> AgeGroup",
    "Mutation -> Post -> Tag",
    "Mutation -> Post -> Media",
    "Mutation -> Post -> Media -> User",
    "Mutation -> Post -> Media -> User -> UserPreferences",
    "Mutation -> Post -> Media -> User -> UserPreferences -> PrivacySettings",
    "Mutation -> Post -> Media -> User -> UserPreferences -> NotificationPreferences",
    "Mutation -> Post -> Media -> User -> Notification",
    "Mutation -> Post -> Media -> User -> Notification -> JSON",
    "Mutation -> Post -> Media -> User -> Notification -> DateTime",
    "Mutation -> Post -> Media -> User -> Notification -> NotificationPriority",
    "Mutation -> Post -> Media -> User -> Comment",
    "Mutation -> Post -> Media -> User -> Comment -> Reaction",
    "Mutation -> Post -> Media -> User -> Comment -> Reaction -> DateTime",
    "Mutation -> Post -> Media -> User -> Comment -> DateTime",
    "Mutation -> Post -> Media -> User -> UserProfile",
    "Mutation -> Post -> Media -> User -> UserProfile -> Location",
    "Mutation -> Post -> Media -> User -> UserProfile -> Location -> Coordinates",
    "Mutation -> Post -> Media -> User -> UserProfile -> SocialLink",
    "Mutation -> Post -> Media -> User -> UserRole",
    "Mutation -> Post -> Media -> User -> DateTime",
    "Mutation -> Post -> Media -> MediaMetadata",
    "Mutation -> Post -> Media -> MediaMetadata -> Dimensions",
    "Mutation -> Post -> Media -> MediaType",
    "Mutation -> Post -> Comment",
    "Mutation -> Post -> Comment -> Reaction",
    "Mutation -> Post -> Comment -> Reaction -> DateTime",
    "Mutation -> Post -> Comment -> Reaction -> User",
    "Mutation -> Post -> Comment -> Reaction -> User -> UserPreferences",
    "Mutation -> Post -> Comment -> Reaction -> User -> UserPreferences -> PrivacySettings",
    "Mutation -> Post -> Comment -> Reaction -> User -> UserPreferences -> NotificationPreferences",
    "Mutation -> Post -> Comment -> Reaction -> User -> Notification",
    "Mutation -> Post -> Comment -> Reaction -> User -> Notification -> JSON",
    "Mutation -> Post -> Comment -> Reaction -> User -> Notification -> DateTime",
    "Mutation -> Post -> Comment -> Reaction -> User -> Notification -> NotificationPriority",
    "Mutation -> Post -> Comment -> Reaction -> User -> UserProfile",
    "Mutation -> Post -> Comment -> Reaction -> User -> UserProfile -> Location",
    "Mutation -> Post -> Comment -> Reaction -> User -> UserProfile -> Location -> Coordinates",
    "Mutation -> Post -> Comment -> Reaction -> User -> UserProfile -> SocialLink",
    "Mutation -> Post -> Comment -> Reaction -> User -> UserProfile -> Media",
    "Mutation -> Post -> Comment -> Reaction -> User -> UserProfile -> Media -> MediaMetadata",
    "Mutation -> Post -> Comment -> Reaction -> User -> UserProfile -> Media -> MediaMetadata -> Dimensions",
    "Mutation -> Post -> Comment -> Reaction -> User -> UserProfile -> Media -> MediaType",
    "Mutation -> Post -> Comment -> Reaction -> User -> UserRole",
    "Mutation -> Post -> Comment -> Reaction -> User -> DateTime",
    "Mutation -> Post -> Comment -> User",
    "Mutation -> Post -> Comment -> User -> UserPreferences",
    "Mutation -> Post -> Comment -> User -> UserPreferences -> PrivacySettings",
    "Mutation -> Post -> Comment -> User -> UserPreferences -> NotificationPreferences",
    "Mutation -> Post -> Comment -> User -> Notification",
    "Mutation -> Post -> Comment -> User -> Notification -> JSON",
    "Mutation -> Post -> Comment -> User -> Notification -> DateTime",
    "Mutation -> Post -> Comment -> User -> Notification -> NotificationPriority",
    "Mutation -> Post -> Comment -> User -> UserProfile",
    "Mutation -> Post -> Comment -> User -> UserProfile -> Location",
    "Mutation -> Post -> Comment -> User -> UserProfile -> Location -> Coordinates",
    "Mutation -> Post -> Comment -> User -> UserProfile -> SocialLink",
    "Mutation -> Post -> Comment -> User -> UserProfile -> Media",
    "Mutation -> Post -> Comment -> User -> UserProfile -> Media -> MediaMetadata",
    "Mutation -> Post -> Comment -> User -> UserProfile -> Media -> MediaMetadata -> Dimensions",
    "Mutation -> Post -> Comment -> User -> UserProfile -> Media -> MediaType",
    "Mutation -> Post -> Comment -> User -> UserRole",
    "Mutation -> Post -> Comment -> User -> DateTime",
    "Mutation -> Post -> Comment -> DateTime",
    "Mutation -> Post -> JSON",
    "Mutation -> Post -> User",
    "Mutation -> Post -> User -> UserPreferences",
    "Mutation -> Post -> User -> UserPreferences -> PrivacySettings",
    "Mutation -> Post -> User -> UserPreferences -> NotificationPreferences",
    "Mutation -> Post -> User -> Notification",
    "Mutation -> Post -> User -> Notification -> JSON",
    "Mutation -> Post -> User -> Notification -> DateTime",
    "Mutation -> Post -> User -> Notification -> NotificationPriority",
    "Mutation -> Post -> User -> Comment",
    "Mutation -> Post -> User -> Comment -> Reaction",
    "Mutation -> Post -> User -> Comment -> Reaction -> DateTime",
    "Mutation -> Post -> User -> Comment -> DateTime",
    "Mutation -> Post -> User -> UserProfile",
    "Mutation -> Post -> User -> UserProfile -> Location",
    "Mutation -> Post -> User -> UserProfile -> Location -> Coordinates",
    "Mutation -> Post -> User -> UserProfile -> SocialLink",
    "Mutation -> Post -> User -> UserProfile -> Media",
    "Mutation -> Post -> User -> UserProfile -> Media -> MediaMetadata",
    "Mutation -> Post -> User -> UserProfile -> Media -> MediaMetadata -> Dimensions",
    "Mutation -> Post -> User -> UserProfile -> Media -> MediaType",
    "Mutation -> Post -> User -> UserRole",
    "Mutation -> Post -> User -> DateTime",
    "Mutation -> Post -> ContentStatus",
    "Mutation -> Post -> DateTime",
    "Mutation -> User",
    "Mutation -> User -> UserPreferences",
    "Mutation -> User -> UserPreferences -> PrivacySettings",
    "Mutation -> User -> UserPreferences -> NotificationPreferences",
    "Mutation -> User -> Notification",
    "Mutation -> User -> Notification -> JSON",
    "Mutation -> User -> Notification -> DateTime",
    "Mutation -> User -> Notification -> NotificationPriority",
    "Mutation -> User -> Comment",
    "Mutation -> User -> Comment -> Reaction",
    "Mutation -> User -> Comment -> Reaction -> DateTime",
    "Mutation -> User -> Comment -> Post",
    "Mutation -> User -> Comment -> Post -> PostAnalytics",
    "Mutation -> User -> Comment -> Post -> PostAnalytics -> Demographics",
    "Mutation -> User -> Comment -> Post -> PostAnalytics -> Demographics -> DeviceStats",
    "Mutation -> User -> Comment -> Post -> PostAnalytics -> Demographics -> LocationStats",
    "Mutation -> User -> Comment -> Post -> PostAnalytics -> Demographics -> AgeGroup",
    "Mutation -> User -> Comment -> Post -> Tag",
    "Mutation -> User -> Comment -> Post -> Media",
    "Mutation -> User -> Comment -> Post -> Media -> MediaMetadata",
    "Mutation -> User -> Comment -> Post -> Media -> MediaMetadata -> Dimensions",
    "Mutation -> User -> Comment -> Post -> Media -> MediaType",
    "Mutation -> User -> Comment -> Post -> JSON",
    "Mutation -> User -> Comment -> Post -> ContentStatus",
    "Mutation -> User -> Comment -> Post -> DateTime",
    "Mutation -> User -> Comment -> DateTime",
    "Mutation -> User -> Post",
    "Mutation -> User -> Post -> PostAnalytics",
    "Mutation -> User -> Post -> PostAnalytics -> Demographics",
    "Mutation -> User -> Post -> PostAnalytics -> Demographics -> DeviceStats",
    "Mutation -> User -> Post -> PostAnalytics -> Demographics -> LocationStats",
    "Mutation -> User -> Post -> PostAnalytics -> Demographics -> AgeGroup",
    "Mutation -> User -> Post -> Tag",
    "Mutation -> User -> Post -> Media",
    "Mutation -> User -> Post -> Media -> MediaMetadata",
    "Mutation -> User -> Post -> Media -> MediaMetadata -> Dimensions",
    "Mutation -> User -> Post -> Media -> MediaType",
    "Mutation -> User -> Post -> Comment",
    "Mutation -> User -> Post -> Comment -> Reaction",
    "Mutation -> User -> Post -> Comment -> Reaction -> DateTime",
    "Mutation -> User -> Post -> Comment -> DateTime",
    "Mutation -> User -> Post -> JSON",
    "Mutation -> User -> Post -> ContentStatus",
    "Mutation -> User -> Post -> DateTime",
    "Mutation -> User -> UserProfile",
    "Mutation -> User -> UserProfile -> Location",
    "Mutation -> User -> UserProfile -> Location -> Coordinates",
    "Mutation -> User -> UserProfile -> SocialLink",
    "Mutation -> User -> UserProfile -> Media",
    "Mutation -> User -> UserProfile -> Media -> MediaMetadata",
    "Mutation -> User -> UserProfile -> Media -> MediaMetadata -> Dimensions",
    "Mutation -> User -> UserProfile -> Media -> MediaType",
    "Mutation -> User -> UserRole",
    "Mutation -> User -> DateTime",
    "Query",
    "Query -> SearchResult",
    "Query -> SearchResult -> Tag",
    "Query -> SearchResult -> Tag -> Post",
    "Query -> SearchResult -> Tag -> Post -> PostAnalytics",
    "Query -> SearchResult -> Tag -> Post -> PostAnalytics -> Demographics",
    "Query -> SearchResult -> Tag -> Post -> PostAnalytics -> Demographics -> DeviceStats",
    "Query -> SearchResult -> Tag -> Post -> PostAnalytics -> Demographics -> LocationStats",
    "Query -> SearchResult -> Tag -> Post -> PostAnalytics -> Demographics -> AgeGroup",
    "Query -> SearchResult -> Tag -> Post -> Media",
    "Query -> SearchResult -> Tag -> Post -> Media -> User",
    "Query -> SearchResult -> Tag -> Post -> Media -> User -> UserPreferences",
    "Query -> SearchResult -> Tag -> Post -> Media -> User -> UserPreferences -> PrivacySettings",
    "Query -> SearchResult -> Tag -> Post -> Media -> User -> UserPreferences -> NotificationPreferences",
    "Query -> SearchResult -> Tag -> Post -> Media -> User -> Notification",
    "Query -> SearchResult -> Tag -> Post -> Media -> User -> Notification -> JSON",
    "Query -> SearchResult -> Tag -> Post -> Media -> User -> Notification -> DateTime",
    "Query -> SearchResult -> Tag -> Post -> Media -> User -> Notification -> NotificationPriority",
    "Query -> SearchResult -> Tag -> Post -> Media -> User -> Comment",
    "Query -> SearchResult -> Tag -> Post -> Media -> User -> Comment -> Reaction",
    "Query -> SearchResult -> Tag -> Post -> Media -> User -> Comment -> Reaction -> DateTime",
    "Query -> SearchResult -> Tag -> Post -> Media -> User -> Comment -> DateTime",
    "Query -> SearchResult -> Tag -> Post -> Media -> User -> UserProfile",
    "Query -> SearchResult -> Tag -> Post -> Media -> User -> UserProfile -> Location",
    "Query -> SearchResult -> Tag -> Post -> Media -> User -> UserProfile -> Location -> Coordinates",
    "Query -> SearchResult -> Tag -> Post -> Media -> User -> UserProfile -> SocialLink",
    "Query -> SearchResult -> Tag -> Post -> Media -> User -> UserRole",
    "Query -> SearchResult -> Tag -> Post -> Media -> User -> DateTime",
    "Query -> SearchResult -> Tag -> Post -> Media -> MediaMetadata",
    "Query -> SearchResult -> Tag -> Post -> Media -> MediaMetadata -> Dimensions",
    "Query -> SearchResult -> Tag -> Post -> Media -> MediaType",
    "Query -> SearchResult -> Tag -> Post -> Comment",
    "Query -> SearchResult -> Tag -> Post -> Comment -> Reaction",
    "Query -> SearchResult -> Tag -> Post -> Comment -> Reaction -> DateTime",
    "Query -> SearchResult -> Tag -> Post -> Comment -> Reaction -> User",
    "Query -> SearchResult -> Tag -> Post -> Comment -> Reaction -> User -> UserPreferences",
    "Query -> SearchResult -> Tag -> Post -> Comment -> Reaction -> User -> UserPreferences -> PrivacySettings",
    "Query -> SearchResult -> Tag -> Post -> Comment -> Reaction -> User -> UserPreferences -> NotificationPreferences",
    "Query -> SearchResult -> Tag -> Post -> Comment -> Reaction -> User -> Notification",
    "Query -> SearchResult -> Tag -> Post -> Comment -> Reaction -> User -> Notification -> JSON",
    "Query -> SearchResult -> Tag -> Post -> Comment -> Reaction -> User -> Notification -> DateTime",
    "Query -> SearchResult -> Tag -> Post -> Comment -> Reaction -> User -> Notification -> NotificationPriority",
    "Query -> SearchResult -> Tag -> Post -> Comment -> Reaction -> User -> UserProfile",
    "Query -> SearchResult -> Tag -> Post -> Comment -> Reaction -> User -> UserProfile -> Location",
    "Query -> SearchResult -> Tag -> Post -> Comment -> Reaction -> User -> UserProfile -> Location -> Coordinates",
    "Query -> SearchResult -> Tag -> Post -> Comment -> Reaction -> User -> UserProfile -> SocialLink",
    "Query -> SearchResult -> Tag -> Post -> Comment -> Reaction -> User -> UserProfile -> Media",
    "Query -> SearchResult -> Tag -> Post -> Comment -> Reaction -> User -> UserProfile -> Media -> MediaMetadata",
    "Query -> SearchResult -> Tag -> Post -> Comment -> Reaction -> User -> UserProfile -> Media -> MediaMetadata -> Dimensions",
    "Query -> SearchResult -> Tag -> Post -> Comment -> Reaction -> User -> UserProfile -> Media -> MediaType",
    "Query -> SearchResult -> Tag -> Post -> Comment -> Reaction -> User -> UserRole",
    "Query -> SearchResult -> Tag -> Post -> Comment -> Reaction -> User -> DateTime",
    "Query -> SearchResult -> Tag -> Post -> Comment -> User",
    "Query -> SearchResult -> Tag -> Post -> Comment -> User -> UserPreferences",
    "Query -> SearchResult -> Tag -> Post -> Comment -> User -> UserPreferences -> PrivacySettings",
    "Query -> SearchResult -> Tag -> Post -> Comment -> User -> UserPreferences -> NotificationPreferences",
    "Query -> SearchResult -> Tag -> Post -> Comment -> User -> Notification",
    "Query -> SearchResult -> Tag -> Post -> Comment -> User -> Notification -> JSON",
    "Query -> SearchResult -> Tag -> Post -> Comment -> User -> Notification -> DateTime",
    "Query -> SearchResult -> Tag -> Post -> Comment -> User -> Notification -> NotificationPriority",
    "Query -> SearchResult -> Tag -> Post -> Comment -> User -> UserProfile",
    "Query -> SearchResult -> Tag -> Post -> Comment -> User -> UserProfile -> Location",
    "Query -> SearchResult -> Tag -> Post -> Comment -> User -> UserProfile -> Location -> Coordinates",
    "Query -> SearchResult -> Tag -> Post -> Comment -> User -> UserProfile -> SocialLink",
    "Query -> SearchResult -> Tag -> Post -> Comment -> User -> UserProfile -> Media",
    "Query -> SearchResult -> Tag -> Post -> Comment -> User -> UserProfile -> Media -> MediaMetadata",
    "Query -> SearchResult -> Tag -> Post -> Comment -> User -> UserProfile -> Media -> MediaMetadata -> Dimensions",
    "Query -> SearchResult -> Tag -> Post -> Comment -> User -> UserProfile -> Media -> MediaType",
    "Query -> SearchResult -> Tag -> Post -> Comment -> User -> UserRole",
    "Query -> SearchResult -> Tag -> Post -> Comment -> User -> DateTime",
    "Query -> SearchResult -> Tag -> Post -> Comment -> DateTime",
    "Query -> SearchResult -> Tag -> Post -> JSON",
    "Query -> SearchResult -> Tag -> Post -> User",
    "Query -> SearchResult -> Tag -> Post -> User -> UserPreferences",
    "Query -> SearchResult -> Tag -> Post -> User -> UserPreferences -> PrivacySettings",
    "Query -> SearchResult -> Tag -> Post -> User -> UserPreferences -> NotificationPreferences",
    "Query -> SearchResult -> Tag -> Post -> User -> Notification",
    "Query -> SearchResult -> Tag -> Post -> User -> Notification -> JSON",
    "Query -> SearchResult -> Tag -> Post -> User -> Notification -> DateTime",
    "Query -> SearchResult -> Tag -> Post -> User -> Notification -> NotificationPriority",
    "Query -> SearchResult -> Tag -> Post -> User -> Comment",
    "Query -> SearchResult -> Tag -> Post -> User -> Comment -> Reaction",
    "Query -> SearchResult -> Tag -> Post -> User -> Comment -> Reaction -> DateTime",
    "Query -> SearchResult -> Tag -> Post -> User -> Comment -> DateTime",
    "Query -> SearchResult -> Tag -> Post -> User -> UserProfile",
    "Query -> SearchResult -> Tag -> Post -> User -> UserProfile -> Location",
    "Query -> SearchResult -> Tag -> Post -> User -> UserProfile -> Location -> Coordinates",
    "Query -> SearchResult -> Tag -> Post -> User -> UserProfile -> SocialLink",
    "Query -> SearchResult -> Tag -> Post -> User -> UserProfile -> Media",
    "Query -> SearchResult -> Tag -> Post -> User -> UserProfile -> Media -> MediaMetadata",
    "Query -> SearchResult -> Tag -> Post -> User -> UserProfile -> Media -> MediaMetadata -> Dimensions",
    "Query -> SearchResult -> Tag -> Post -> User -> UserProfile -> Media -> MediaType",
    "Query -> SearchResult -> Tag -> Post -> User -> UserRole",
    "Query -> SearchResult -> Tag -> Post -> User -> DateTime",
    "Query -> SearchResult -> Tag -> Post -> ContentStatus",
    "Query -> SearchResult -> Tag -> Post -> DateTime",
    "Query -> SearchResult -> Comment",
    "Query -> SearchResult -> Comment -> Reaction",
    "Query -> SearchResult -> Comment -> Reaction -> DateTime",
    "Query -> SearchResult -> Comment -> Reaction -> User",
    "Query -> SearchResult -> Comment -> Reaction -> User -> UserPreferences",
    "Query -> SearchResult -> Comment -> Reaction -> User -> UserPreferences -> PrivacySettings",
    "Query -> SearchResult -> Comment -> Reaction -> User -> UserPreferences -> NotificationPreferences",
    "Query -> SearchResult -> Comment -> Reaction -> User -> Notification",
    "Query -> SearchResult -> Comment -> Reaction -> User -> Notification -> JSON",
    "Query -> SearchResult -> Comment -> Reaction -> User -> Notification -> DateTime",
    "Query -> SearchResult -> Comment -> Reaction -> User -> Notification -> NotificationPriority",
    "Query -> SearchResult -> Comment -> Reaction -> User -> Post",
    "Query -> SearchResult -> Comment -> Reaction -> User -> Post -> PostAnalytics",
    "Query -> SearchResult -> Comment -> Reaction -> User -> Post -> PostAnalytics -> Demographics",
    "Query -> SearchResult -> Comment -> Reaction -> User -> Post -> PostAnalytics -> Demographics -> DeviceStats",
    "Query -> SearchResult -> Comment -> Reaction -> User -> Post -> PostAnalytics -> Demographics -> LocationStats",
    "Query -> SearchResult -> Comment -> Reaction -> User -> Post -> PostAnalytics -> Demographics -> AgeGroup",
    "Query -> SearchResult -> Comment -> Reaction -> User -> Post -> Tag",
    "Query -> SearchResult -> Comment -> Reaction -> User -> Post -> Media",
    "Query -> SearchResult -> Comment -> Reaction -> User -> Post -> Media -> MediaMetadata",
    "Query -> SearchResult -> Comment -> Reaction -> User -> Post -> Media -> MediaMetadata -> Dimensions",
    "Query -> SearchResult -> Comment -> Reaction -> User -> Post -> Media -> MediaType",
    "Query -> SearchResult -> Comment -> Reaction -> User -> Post -> JSON",
    "Query -> SearchResult -> Comment -> Reaction -> User -> Post -> ContentStatus",
    "Query -> SearchResult -> Comment -> Reaction -> User -> Post -> DateTime",
    "Query -> SearchResult -> Comment -> Reaction -> User -> UserProfile",
    "Query -> SearchResult -> Comment -> Reaction -> User -> UserProfile -> Location",
    "Query -> SearchResult -> Comment -> Reaction -> User -> UserProfile -> Location -> Coordinates",
    "Query -> SearchResult -> Comment -> Reaction -> User -> UserProfile -> SocialLink",
    "Query -> SearchResult -> Comment -> Reaction -> User -> UserProfile -> Media",
    "Query -> SearchResult -> Comment -> Reaction -> User -> UserProfile -> Media -> MediaMetadata",
    "Query -> SearchResult -> Comment -> Reaction -> User -> UserProfile -> Media -> MediaMetadata -> Dimensions",
    "Query -> SearchResult -> Comment -> Reaction -> User -> UserProfile -> Media -> MediaType",
    "Query -> SearchResult -> Comment -> Reaction -> User -> UserRole",
    "Query -> SearchResult -> Comment -> Reaction -> User -> DateTime",
    "Query -> SearchResult -> Comment -> Post",
    "Query -> SearchResult -> Comment -> Post -> PostAnalytics",
    "Query -> SearchResult -> Comment -> Post -> PostAnalytics -> Demographics",
    "Query -> SearchResult -> Comment -> Post -> PostAnalytics -> Demographics -> DeviceStats",
    "Query -> SearchResult -> Comment -> Post -> PostAnalytics -> Demographics -> LocationStats",
    "Query -> SearchResult -> Comment -> Post -> PostAnalytics -> Demographics -> AgeGroup",
    "Query -> SearchResult -> Comment -> Post -> Tag",
    "Query -> SearchResult -> Comment -> Post -> Media",
    "Query -> SearchResult -> Comment -> Post -> Media -> User",
    "Query -> SearchResult -> Comment -> Post -> Media -> User -> UserPreferences",
    "Query -> SearchResult -> Comment -> Post -> Media -> User -> UserPreferences -> PrivacySettings",
    "Query -> SearchResult -> Comment -> Post -> Media -> User -> UserPreferences -> NotificationPreferences",
    "Query -> SearchResult -> Comment -> Post -> Media -> User -> Notification",
    "Query -> SearchResult -> Comment -> Post -> Media -> User -> Notification -> JSON",
    "Query -> SearchResult -> Comment -> Post -> Media -> User -> Notification -> DateTime",
    "Query -> SearchResult -> Comment -> Post -> Media -> User -> Notification -> NotificationPriority",
    "Query -> SearchResult -> Comment -> Post -> Media -> User -> UserProfile",
    "Query -> SearchResult -> Comment -> Post -> Media -> User -> UserProfile -> Location",
    "Query -> SearchResult -> Comment -> Post -> Media -> User -> UserProfile -> Location -> Coordinates",
    "Query -> SearchResult -> Comment -> Post -> Media -> User -> UserProfile -> SocialLink",
    "Query -> SearchResult -> Comment -> Post -> Media -> User -> UserRole",
    "Query -> SearchResult -> Comment -> Post -> Media -> User -> DateTime",
    "Query -> SearchResult -> Comment -> Post -> Media -> MediaMetadata",
    "Query -> SearchResult -> Comment -> Post -> Media -> MediaMetadata -> Dimensions",
    "Query -> SearchResult -> Comment -> Post -> Media -> MediaType",
    "Query -> SearchResult -> Comment -> Post -> JSON",
    "Query -> SearchResult -> Comment -> Post -> User",
    "Query -> SearchResult -> Comment -> Post -> User -> UserPreferences",
    "Query -> SearchResult -> Comment -> Post -> User -> UserPreferences -> PrivacySettings",
    "Query -> SearchResult -> Comment -> Post -> User -> UserPreferences -> NotificationPreferences",
    "Query -> SearchResult -> Comment -> Post -> User -> Notification",
    "Query -> SearchResult -> Comment -> Post -> User -> Notification -> JSON",
    "Query -> SearchResult -> Comment -> Post -> User -> Notification -> DateTime",
    "Query -> SearchResult -> Comment -> Post -> User -> Notification -> NotificationPriority",
    "Query -> SearchResult -> Comment -> Post -> User -> UserProfile",
    "Query -> SearchResult -> Comment -> Post -> User -> UserProfile -> Location",
    "Query -> SearchResult -> Comment -> Post -> User -> UserProfile -> Location -> Coordinates",
    "Query -> SearchResult -> Comment -> Post -> User -> UserProfile -> SocialLink",
    "Query -> SearchResult -> Comment -> Post -> User -> UserProfile -> Media",
    "Query -> SearchResult -> Comment -> Post -> User -> UserProfile -> Media -> MediaMetadata",
    "Query -> SearchResult -> Comment -> Post -> User -> UserProfile -> Media -> MediaMetadata -> Dimensions",
    "Query -> SearchResult -> Comment -> Post -> User -> UserProfile -> Media -> MediaType",
    "Query -> SearchResult -> Comment -> Post -> User -> UserRole",
    "Query -> SearchResult -> Comment -> Post -> User -> DateTime",
    "Query -> SearchResult -> Comment -> Post -> ContentStatus",
    "Query -> SearchResult -> Comment -> Post -> DateTime",
    "Query -> SearchResult -> Comment -> User",
    "Query -> SearchResult -> Comment -> User -> UserPreferences",
    "Query -> SearchResult -> Comment -> User -> UserPreferences -> PrivacySettings",
    "Query -> SearchResult -> Comment -> User -> UserPreferences -> NotificationPreferences",
    "Query -> SearchResult -> Comment -> User -> Notification",
    "Query -> SearchResult -> Comment -> User -> Notification -> JSON",
    "Query -> SearchResult -> Comment -> User -> Notification -> DateTime",
    "Query -> SearchResult -> Comment -> User -> Notification -> NotificationPriority",
    "Query -> SearchResult -> Comment -> User -> Post",
    "Query -> SearchResult -> Comment -> User -> Post -> PostAnalytics",
    "Query -> SearchResult -> Comment -> User -> Post -> PostAnalytics -> Demographics",
    "Query -> SearchResult -> Comment -> User -> Post -> PostAnalytics -> Demographics -> DeviceStats",
    "Query -> SearchResult -> Comment -> User -> Post -> PostAnalytics -> Demographics -> LocationStats",
    "Query -> SearchResult -> Comment -> User -> Post -> PostAnalytics -> Demographics -> AgeGroup",
    "Query -> SearchResult -> Comment -> User -> Post -> Tag",
    "Query -> SearchResult -> Comment -> User -> Post -> Media",
    "Query -> SearchResult -> Comment -> User -> Post -> Media -> MediaMetadata",
    "Query -> SearchResult -> Comment -> User -> Post -> Media -> MediaMetadata -> Dimensions",
    "Query -> SearchResult -> Comment -> User -> Post -> Media -> MediaType",
    "Query -> SearchResult -> Comment -> User -> Post -> JSON",
    "Query -> SearchResult -> Comment -> User -> Post -> ContentStatus",
    "Query -> SearchResult -> Comment -> User -> Post -> DateTime",
    "Query -> SearchResult -> Comment -> User -> UserProfile",
    "Query -> SearchResult -> Comment -> User -> UserProfile -> Location",
    "Query -> SearchResult -> Comment -> User -> UserProfile -> Location -> Coordinates",
    "Query -> SearchResult -> Comment -> User -> UserProfile -> SocialLink",
    "Query -> SearchResult -> Comment -> User -> UserProfile -> Media",
    "Query -> SearchResult -> Comment -> User -> UserProfile -> Media -> MediaMetadata",
    "Query -> SearchResult -> Comment -> User -> UserProfile -> Media -> MediaMetadata -> Dimensions",
    "Query -> SearchResult -> Comment -> User -> UserProfile -> Media -> MediaType",
    "Query -> SearchResult -> Comment -> User -> UserRole",
    "Query -> SearchResult -> Comment -> User -> DateTime",
    "Query -> SearchResult -> Comment -> DateTime",
    "Query -> SearchResult -> Post",
    "Query -> SearchResult -> Post -> PostAnalytics",
    "Query -> SearchResult -> Post -> PostAnalytics -> Demographics",
    "Query -> SearchResult -> Post -> PostAnalytics -> Demographics -> DeviceStats",
    "Query -> SearchResult -> Post -> PostAnalytics -> Demographics -> LocationStats",
    "Query -> SearchResult -> Post -> PostAnalytics -> Demographics -> AgeGroup",
    "Query -> SearchResult -> Post -> Tag",
    "Query -> SearchResult -> Post -> Media",
    "Query -> SearchResult -> Post -> Media -> User",
    "Query -> SearchResult -> Post -> Media -> User -> UserPreferences",
    "Query -> SearchResult -> Post -> Media -> User -> UserPreferences -> PrivacySettings",
    "Query -> SearchResult -> Post -> Media -> User -> UserPreferences -> NotificationPreferences",
    "Query -> SearchResult -> Post -> Media -> User -> Notification",
    "Query -> SearchResult -> Post -> Media -> User -> Notification -> JSON",
    "Query -> SearchResult -> Post -> Media -> User -> Notification -> DateTime",
    "Query -> SearchResult -> Post -> Media -> User -> Notification -> NotificationPriority",
    "Query -> SearchResult -> Post -> Media -> User -> Comment",
    "Query -> SearchResult -> Post -> Media -> User -> Comment -> Reaction",
    "Query -> SearchResult -> Post -> Media -> User -> Comment -> Reaction -> DateTime",
    "Query -> SearchResult -> Post -> Media -> User -> Comment -> DateTime",
    "Query -> SearchResult -> Post -> Media -> User -> UserProfile",
    "Query -> SearchResult -> Post -> Media -> User -> UserProfile -> Location",
    "Query -> SearchResult -> Post -> Media -> User -> UserProfile -> Location -> Coordinates",
    "Query -> SearchResult -> Post -> Media -> User -> UserProfile -> SocialLink",
    "Query -> SearchResult -> Post -> Media -> User -> UserRole",
    "Query -> SearchResult -> Post -> Media -> User -> DateTime",
    "Query -> SearchResult -> Post -> Media -> MediaMetadata",
    "Query -> SearchResult -> Post -> Media -> MediaMetadata -> Dimensions",
    "Query -> SearchResult -> Post -> Media -> MediaType",
    "Query -> SearchResult -> Post -> Comment",
    "Query -> SearchResult -> Post -> Comment -> Reaction",
    "Query -> SearchResult -> Post -> Comment -> Reaction -> DateTime",
    "Query -> SearchResult -> Post -> Comment -> Reaction -> User",
    "Query -> SearchResult -> Post -> Comment -> Reaction -> User -> UserPreferences",
    "Query -> SearchResult -> Post -> Comment -> Reaction -> User -> UserPreferences -> PrivacySettings",
    "Query -> SearchResult -> Post -> Comment -> Reaction -> User -> UserPreferences -> NotificationPreferences",
    "Query -> SearchResult -> Post -> Comment -> Reaction -> User -> Notification",
    "Query -> SearchResult -> Post -> Comment -> Reaction -> User -> Notification -> JSON",
    "Query -> SearchResult -> Post -> Comment -> Reaction -> User -> Notification -> DateTime",
    "Query -> SearchResult -> Post -> Comment -> Reaction -> User -> Notification -> NotificationPriority",
    "Query -> SearchResult -> Post -> Comment -> Reaction -> User -> UserProfile",
    "Query -> SearchResult -> Post -> Comment -> Reaction -> User -> UserProfile -> Location",
    "Query -> SearchResult -> Post -> Comment -> Reaction -> User -> UserProfile -> Location -> Coordinates",
    "Query -> SearchResult -> Post -> Comment -> Reaction -> User -> UserProfile -> SocialLink",
    "Query -> SearchResult -> Post -> Comment -> Reaction -> User -> UserProfile -> Media",
    "Query -> SearchResult -> Post -> Comment -> Reaction -> User -> UserProfile -> Media -> MediaMetadata",
    "Query -> SearchResult -> Post -> Comment -> Reaction -> User -> UserProfile -> Media -> MediaMetadata -> Dimensions",
    "Query -> SearchResult -> Post -> Comment -> Reaction -> User -> UserProfile -> Media -> MediaType",
    "Query -> SearchResult -> Post -> Comment -> Reaction -> User -> UserRole",
    "Query -> SearchResult -> Post -> Comment -> Reaction -> User -> DateTime",
    "Query -> SearchResult -> Post -> Comment -> User",
    "Query -> SearchResult -> Post -> Comment -> User -> UserPreferences",
    "Query -> SearchResult -> Post -> Comment -> User -> UserPreferences -> PrivacySettings",
    "Query -> SearchResult -> Post -> Comment -> User -> UserPreferences -> NotificationPreferences",
    "Query -> SearchResult -> Post -> Comment -> User -> Notification",
    "Query -> SearchResult -> Post -> Comment -> User -> Notification -> JSON",
    "Query -> SearchResult -> Post -> Comment -> User -> Notification -> DateTime",
    "Query -> SearchResult -> Post -> Comment -> User -> Notification -> NotificationPriority",
    "Query -> SearchResult -> Post -> Comment -> User -> UserProfile",
    "Query -> SearchResult -> Post -> Comment -> User -> UserProfile -> Location",
    "Query -> SearchResult -> Post -> Comment -> User -> UserProfile -> Location -> Coordinates",
    "Query -> SearchResult -> Post -> Comment -> User -> UserProfile -> SocialLink",
    "Query -> SearchResult -> Post -> Comment -> User -> UserProfile -> Media",
    "Query -> SearchResult -> Post -> Comment -> User -> UserProfile -> Media -> MediaMetadata",
    "Query -> SearchResult -> Post -> Comment -> User -> UserProfile -> Media -> MediaMetadata -> Dimensions",
    "Query -> SearchResult -> Post -> Comment -> User -> UserProfile -> Media -> MediaType",
    "Query -> SearchResult -> Post -> Comment -> User -> UserRole",
    "Query -> SearchResult -> Post -> Comment -> User -> DateTime",
    "Query -> SearchResult -> Post -> Comment -> DateTime",
    "Query -> SearchResult -> Post -> JSON",
    "Query -> SearchResult -> Post -> User",
    "Query -> SearchResult -> Post -> User -> UserPreferences",
    "Query -> SearchResult -> Post -> User -> UserPreferences -> PrivacySettings",
    "Query -> SearchResult -> Post -> User -> UserPreferences -> NotificationPreferences",
    "Query -> SearchResult -> Post -> User -> Notification",
    "Query -> SearchResult -> Post -> User -> Notification -> JSON",
    "Query -> SearchResult -> Post -> User -> Notification -> DateTime",
    "Query -> SearchResult -> Post -> User -> Notification -> NotificationPriority",
    "Query -> SearchResult -> Post -> User -> Comment",
    "Query -> SearchResult -> Post -> User -> Comment -> Reaction",
    "Query -> SearchResult -> Post -> User -> Comment -> Reaction -> DateTime",
    "Query -> SearchResult -> Post -> User -> Comment -> DateTime",
    "Query -> SearchResult -> Post -> User -> UserProfile",
    "Query -> SearchResult -> Post -> User -> UserProfile -> Location",
    "Query -> SearchResult -> Post -> User -> UserProfile -> Location -> Coordinates",
    "Query -> SearchResult -> Post -> User -> UserProfile -> SocialLink",
    "Query -> SearchResult -> Post -> User -> UserProfile -> Media",
    "Query -> SearchResult -> Post -> User -> UserProfile -> Media -> MediaMetadata",
    "Query -> SearchResult -> Post -> User -> UserProfile -> Media -> MediaMetadata -> Dimensions",
    "Query -> SearchResult -> Post -> User -> UserProfile -> Media -> MediaType",
    "Query -> SearchResult -> Post -> User -> UserRole",
    "Query -> SearchResult -> Post -> User -> DateTime",
    "Query -> SearchResult -> Post -> ContentStatus",
    "Query -> SearchResult -> Post -> DateTime",
    "Query -> SearchResult -> User",
    "Query -> SearchResult -> User -> UserPreferences",
    "Query -> SearchResult -> User -> UserPreferences -> PrivacySettings",
    "Query -> SearchResult -> User -> UserPreferences -> NotificationPreferences",
    "Query -> SearchResult -> User -> Notification",
    "Query -> SearchResult -> User -> Notification -> JSON",
    "Query -> SearchResult -> User -> Notification -> DateTime",
    "Query -> SearchResult -> User -> Notification -> NotificationPriority",
    "Query -> SearchResult -> User -> Comment",
    "Query -> SearchResult -> User -> Comment -> Reaction",
    "Query -> SearchResult -> User -> Comment -> Reaction -> DateTime",
    "Query -> SearchResult -> User -> Comment -> Post",
    "Query -> SearchResult -> User -> Comment -> Post -> PostAnalytics",
    "Query -> SearchResult -> User -> Comment -> Post -> PostAnalytics -> Demographics",
    "Query -> SearchResult -> User -> Comment -> Post -> PostAnalytics -> Demographics -> DeviceStats",
    "Query -> SearchResult -> User -> Comment -> Post -> PostAnalytics -> Demographics -> LocationStats",
    "Query -> SearchResult -> User -> Comment -> Post -> PostAnalytics -> Demographics -> AgeGroup",
    "Query -> SearchResult -> User -> Comment -> Post -> Tag",
    "Query -> SearchResult -> User -> Comment -> Post -> Media",
    "Query -> SearchResult -> User -> Comment -> Post -> Media -> MediaMetadata",
    "Query -> SearchResult -> User -> Comment -> Post -> Media -> MediaMetadata -> Dimensions",
    "Query -> SearchResult -> User -> Comment -> Post -> Media -> MediaType",
    "Query -> SearchResult -> User -> Comment -> Post -> JSON",
    "Query -> SearchResult -> User -> Comment -> Post -> ContentStatus",
    "Query -> SearchResult -> User -> Comment -> Post -> DateTime",
    "Query -> SearchResult -> User -> Comment -> DateTime",
    "Query -> SearchResult -> User -> Post",
    "Query -> SearchResult -> User -> Post -> PostAnalytics",
    "Query -> SearchResult -> User -> Post -> PostAnalytics -> Demographics",
    "Query -> SearchResult -> User -> Post -> PostAnalytics -> Demographics -> DeviceStats",
    "Query -> SearchResult -> User -> Post -> PostAnalytics -> Demographics -> LocationStats",
    "Query -> SearchResult -> User -> Post -> PostAnalytics -> Demographics -> AgeGroup",
    "Query -> SearchResult -> User -> Post -> Tag",
    "Query -> SearchResult -> User -> Post -> Media",
    "Query -> SearchResult -> User -> Post -> Media -> MediaMetadata",
    "Query -> SearchResult -> User -> Post -> Media -> MediaMetadata -> Dimensions",
    "Query -> SearchResult -> User -> Post -> Media -> MediaType",
    "Query -> SearchResult -> User -> Post -> Comment",
    "Query -> SearchResult -> User -> Post -> Comment -> Reaction",
    "Query -> SearchResult -> User -> Post -> Comment -> Reaction -> DateTime",
    "Query -> SearchResult -> User -> Post -> Comment -> DateTime",
    "Query -> SearchResult -> User -> Post -> JSON",
    "Query -> SearchResult -> User -> Post -> ContentStatus",
    "Query -> SearchResult -> User -> Post -> DateTime",
    "Query -> SearchResult -> User -> UserProfile",
    "Query -> SearchResult -> User -> UserProfile -> Location",
    "Query -> SearchResult -> User -> UserProfile -> Location -> Coordinates",
    "Query -> SearchResult -> User -> UserProfile -> SocialLink",
    "Query -> SearchResult -> User -> UserProfile -> Media",
    "Query -> SearchResult -> User -> UserProfile -> Media -> MediaMetadata",
    "Query -> SearchResult -> User -> UserProfile -> Media -> MediaMetadata -> Dimensions",
    "Query -> SearchResult -> User -> UserProfile -> Media -> MediaType",
    "Query -> SearchResult -> User -> UserRole",
    "Query -> SearchResult -> User -> DateTime",
    "Query -> Notification",
    "Query -> Notification -> JSON",
    "Query -> Notification -> DateTime",
    "Query -> Notification -> User",
    "Query -> Notification -> User -> UserPreferences",
    "Query -> Notification -> User -> UserPreferences -> PrivacySettings",
    "Query -> Notification -> User -> UserPreferences -> NotificationPreferences",
    "Query -> Notification -> User -> Comment",
    "Query -> Notification -> User -> Comment -> Reaction",
    "Query -> Notification -> User -> Comment -> Reaction -> DateTime",
    "Query -> Notification -> User -> Comment -> Post",
    "Query -> Notification -> User -> Comment -> Post -> PostAnalytics",
    "Query -> Notification -> User -> Comment -> Post -> PostAnalytics -> Demographics",
    "Query -> Notification -> User -> Comment -> Post -> PostAnalytics -> Demographics -> DeviceStats",
    "Query -> Notification -> User -> Comment -> Post -> PostAnalytics -> Demographics -> LocationStats",
    "Query -> Notification -> User -> Comment -> Post -> PostAnalytics -> Demographics -> AgeGroup",
    "Query -> Notification -> User -> Comment -> Post -> Tag",
    "Query -> Notification -> User -> Comment -> Post -> Media",
    "Query -> Notification -> User -> Comment -> Post -> Media -> MediaMetadata",
    "Query -> Notification -> User -> Comment -> Post -> Media -> MediaMetadata -> Dimensions",
    "Query -> Notification -> User -> Comment -> Post -> Media -> MediaType",
    "Query -> Notification -> User -> Comment -> Post -> JSON",
    "Query -> Notification -> User -> Comment -> Post -> ContentStatus",
    "Query -> Notification -> User -> Comment -> Post -> DateTime",
    "Query -> Notification -> User -> Comment -> DateTime",
    "Query -> Notification -> User -> Post",
    "Query -> Notification -> User -> Post -> PostAnalytics",
    "Query -> Notification -> User -> Post -> PostAnalytics -> Demographics",
    "Query -> Notification -> User -> Post -> PostAnalytics -> Demographics -> DeviceStats",
    "Query -> Notification -> User -> Post -> PostAnalytics -> Demographics -> LocationStats",
    "Query -> Notification -> User -> Post -> PostAnalytics -> Demographics -> AgeGroup",
    "Query -> Notification -> User -> Post -> Tag",
    "Query -> Notification -> User -> Post -> Media",
    "Query -> Notification -> User -> Post -> Media -> MediaMetadata",
    "Query -> Notification -> User -> Post -> Media -> MediaMetadata -> Dimensions",
    "Query -> Notification -> User -> Post -> Media -> MediaType",
    "Query -> Notification -> User -> Post -> Comment",
    "Query -> Notification -> User -> Post -> Comment -> Reaction",
    "Query -> Notification -> User -> Post -> Comment -> Reaction -> DateTime",
    "Query -> Notification -> User -> Post -> Comment -> DateTime",
    "Query -> Notification -> User -> Post -> JSON",
    "Query -> Notification -> User -> Post -> ContentStatus",
    "Query -> Notification -> User -> Post -> DateTime",
    "Query -> Notification -> User -> UserProfile",
    "Query -> Notification -> User -> UserProfile -> Location",
    "Query -> Notification -> User -> UserProfile -> Location -> Coordinates",
    "Query -> Notification -> User -> UserProfile -> SocialLink",
    "Query -> Notification -> User -> UserProfile -> Media",
    "Query -> Notification -> User -> UserProfile -> Media -> MediaMetadata",
    "Query -> Notification -> User -> UserProfile -> Media -> MediaMetadata -> Dimensions",
    "Query -> Notification -> User -> UserProfile -> Media -> MediaType",
    "Query -> Notification -> User -> UserRole",
    "Query -> Notification -> User -> DateTime",
    "Query -> Notification -> NotificationPriority",
    "Query -> Comment",
    "Query -> Comment -> Reaction",
    "Query -> Comment -> Reaction -> DateTime",
    "Query -> Comment -> Reaction -> User",
    "Query -> Comment -> Reaction -> User -> UserPreferences",
    "Query -> Comment -> Reaction -> User -> UserPreferences -> PrivacySettings",
    "Query -> Comment -> Reaction -> User -> UserPreferences -> NotificationPreferences",
    "Query -> Comment -> Reaction -> User -> Notification",
    "Query -> Comment -> Reaction -> User -> Notification -> JSON",
    "Query -> Comment -> Reaction -> User -> Notification -> DateTime",
    "Query -> Comment -> Reaction -> User -> Notification -> NotificationPriority",
    "Query -> Comment -> Reaction -> User -> Post",
    "Query -> Comment -> Reaction -> User -> Post -> PostAnalytics",
    "Query -> Comment -> Reaction -> User -> Post -> PostAnalytics -> Demographics",
    "Query -> Comment -> Reaction -> User -> Post -> PostAnalytics -> Demographics -> DeviceStats",
    "Query -> Comment -> Reaction -> User -> Post -> PostAnalytics -> Demographics -> LocationStats",
    "Query -> Comment -> Reaction -> User -> Post -> PostAnalytics -> Demographics -> AgeGroup",
    "Query -> Comment -> Reaction -> User -> Post -> Tag",
    "Query -> Comment -> Reaction -> User -> Post -> Media",
    "Query -> Comment -> Reaction -> User -> Post -> Media -> MediaMetadata",
    "Query -> Comment -> Reaction -> User -> Post -> Media -> MediaMetadata -> Dimensions",
    "Query -> Comment -> Reaction -> User -> Post -> Media -> MediaType",
    "Query -> Comment -> Reaction -> User -> Post -> JSON",
    "Query -> Comment -> Reaction -> User -> Post -> ContentStatus",
    "Query -> Comment -> Reaction -> User -> Post -> DateTime",
    "Query -> Comment -> Reaction -> User -> UserProfile",
    "Query -> Comment -> Reaction -> User -> UserProfile -> Location",
    "Query -> Comment -> Reaction -> User -> UserProfile -> Location -> Coordinates",
    "Query -> Comment -> Reaction -> User -> UserProfile -> SocialLink",
    "Query -> Comment -> Reaction -> User -> UserProfile -> Media",
    "Query -> Comment -> Reaction -> User -> UserProfile -> Media -> MediaMetadata",
    "Query -> Comment -> Reaction -> User -> UserProfile -> Media -> MediaMetadata -> Dimensions",
    "Query -> Comment -> Reaction -> User -> UserProfile -> Media -> MediaType",
    "Query -> Comment -> Reaction -> User -> UserRole",
    "Query -> Comment -> Reaction -> User -> DateTime",
    "Query -> Comment -> Post",
    "Query -> Comment -> Post -> PostAnalytics",
    "Query -> Comment -> Post -> PostAnalytics -> Demographics",
    "Query -> Comment -> Post -> PostAnalytics -> Demographics -> DeviceStats",
    "Query -> Comment -> Post -> PostAnalytics -> Demographics -> LocationStats",
    "Query -> Comment -> Post -> PostAnalytics -> Demographics -> AgeGroup",
    "Query -> Comment -> Post -> Tag",
    "Query -> Comment -> Post -> Media",
    "Query -> Comment -> Post -> Media -> User",
    "Query -> Comment -> Post -> Media -> User -> UserPreferences",
    "Query -> Comment -> Post -> Media -> User -> UserPreferences -> PrivacySettings",
    "Query -> Comment -> Post -> Media -> User -> UserPreferences -> NotificationPreferences",
    "Query -> Comment -> Post -> Media -> User -> Notification",
    "Query -> Comment -> Post -> Media -> User -> Notification -> JSON",
    "Query -> Comment -> Post -> Media -> User -> Notification -> DateTime",
    "Query -> Comment -> Post -> Media -> User -> Notification -> NotificationPriority",
    "Query -> Comment -> Post -> Media -> User -> UserProfile",
    "Query -> Comment -> Post -> Media -> User -> UserProfile -> Location",
    "Query -> Comment -> Post -> Media -> User -> UserProfile -> Location -> Coordinates",
    "Query -> Comment -> Post -> Media -> User -> UserProfile -> SocialLink",
    "Query -> Comment -> Post -> Media -> User -> UserRole",
    "Query -> Comment -> Post -> Media -> User -> DateTime",
    "Query -> Comment -> Post -> Media -> MediaMetadata",
    "Query -> Comment -> Post -> Media -> MediaMetadata -> Dimensions",
    "Query -> Comment -> Post -> Media -> MediaType",
    "Query -> Comment -> Post -> JSON",
    "Query -> Comment -> Post -> User",
    "Query -> Comment -> Post -> User -> UserPreferences",
    "Query -> Comment -> Post -> User -> UserPreferences -> PrivacySettings",
    "Query -> Comment -> Post -> User -> UserPreferences -> NotificationPreferences",
    "Query -> Comment -> Post -> User -> Notification",
    "Query -> Comment -> Post -> User -> Notification -> JSON",
    "Query -> Comment -> Post -> User -> Notification -> DateTime",
    "Query -> Comment -> Post -> User -> Notification -> NotificationPriority",
    "Query -> Comment -> Post -> User -> UserProfile",
    "Query -> Comment -> Post -> User -> UserProfile -> Location",
    "Query -> Comment -> Post -> User -> UserProfile -> Location -> Coordinates",
    "Query -> Comment -> Post -> User -> UserProfile -> SocialLink",
    "Query -> Comment -> Post -> User -> UserProfile -> Media",
    "Query -> Comment -> Post -> User -> UserProfile -> Media -> MediaMetadata",
    "Query -> Comment -> Post -> User -> UserProfile -> Media -> MediaMetadata -> Dimensions",
    "Query -> Comment -> Post -> User -> UserProfile -> Media -> MediaType",
    "Query -> Comment -> Post -> User -> UserRole",
    "Query -> Comment -> Post -> User -> DateTime",
    "Query -> Comment -> Post -> ContentStatus",
    "Query -> Comment -> Post -> DateTime",
    "Query -> Comment -> User",
    "Query -> Comment -> User -> UserPreferences",
    "Query -> Comment -> User -> UserPreferences -> PrivacySettings",
    "Query -> Comment -> User -> UserPreferences -> NotificationPreferences",
    "Query -> Comment -> User -> Notification",
    "Query -> Comment -> User -> Notification -> JSON",
    "Query -> Comment -> User -> Notification -> DateTime",
    "Query -> Comment -> User -> Notification -> NotificationPriority",
    "Query -> Comment -> User -> Post",
    "Query -> Comment -> User -> Post -> PostAnalytics",
    "Query -> Comment -> User -> Post -> PostAnalytics -> Demographics",
    "Query -> Comment -> User -> Post -> PostAnalytics -> Demographics -> DeviceStats",
    "Query -> Comment -> User -> Post -> PostAnalytics -> Demographics -> LocationStats",
    "Query -> Comment -> User -> Post -> PostAnalytics -> Demographics -> AgeGroup",
    "Query -> Comment -> User -> Post -> Tag",
    "Query -> Comment -> User -> Post -> Media",
    "Query -> Comment -> User -> Post -> Media -> MediaMetadata",
    "Query -> Comment -> User -> Post -> Media -> MediaMetadata -> Dimensions",
    "Query -> Comment -> User -> Post -> Media -> MediaType",
    "Query -> Comment -> User -> Post -> JSON",
    "Query -> Comment -> User -> Post -> ContentStatus",
    "Query -> Comment -> User -> Post -> DateTime",
    "Query -> Comment -> User -> UserProfile",
    "Query -> Comment -> User -> UserProfile -> Location",
    "Query -> Comment -> User -> UserProfile -> Location -> Coordinates",
    "Query -> Comment -> User -> UserProfile -> SocialLink",
    "Query -> Comment -> User -> UserProfile -> Media",
    "Query -> Comment -> User -> UserProfile -> Media -> MediaMetadata",
    "Query -> Comment -> User -> UserProfile -> Media -> MediaMetadata -> Dimensions",
    "Query -> Comment -> User -> UserProfile -> Media -> MediaType",
    "Query -> Comment -> User -> UserRole",
    "Query -> Comment -> User -> DateTime",
    "Query -> Comment -> DateTime",
    "Query -> Post",
    "Query -> Post -> PostAnalytics",
    "Query -> Post -> PostAnalytics -> Demographics",
    "Query -> Post -> PostAnalytics -> Demographics -> DeviceStats",
    "Query -> Post -> PostAnalytics -> Demographics -> LocationStats",
    "Query -> Post -> PostAnalytics -> Demographics -> AgeGroup",
    "Query -> Post -> Tag",
    "Query -> Post -> Media",
    "Query -> Post -> Media -> User",
    "Query -> Post -> Media -> User -> UserPreferences",
    "Query -> Post -> Media -> User -> UserPreferences -> PrivacySettings",
    "Query -> Post -> Media -> User -> UserPreferences -> NotificationPreferences",
    "Query -> Post -> Media -> User -> Notification",
    "Query -> Post -> Media -> User -> Notification -> JSON",
    "Query -> Post -> Media -> User -> Notification -> DateTime",
    "Query -> Post -> Media -> User -> Notification -> NotificationPriority",
    "Query -> Post -> Media -> User -> Comment",
    "Query -> Post -> Media -> User -> Comment -> Reaction",
    "Query -> Post -> Media -> User -> Comment -> Reaction -> DateTime",
    "Query -> Post -> Media -> User -> Comment -> DateTime",
    "Query -> Post -> Media -> User -> UserProfile",
    "Query -> Post -> Media -> User -> UserProfile -> Location",
    "Query -> Post -> Media -> User -> UserProfile -> Location -> Coordinates",
    "Query -> Post -> Media -> User -> UserProfile -> SocialLink",
    "Query -> Post -> Media -> User -> UserRole",
    "Query -> Post -> Media -> User -> DateTime",
    "Query -> Post -> Media -> MediaMetadata",
    "Query -> Post -> Media -> MediaMetadata -> Dimensions",
    "Query -> Post -> Media -> MediaType",
    "Query -> Post -> Comment",
    "Query -> Post -> Comment -> Reaction",
    "Query -> Post -> Comment -> Reaction -> DateTime",
    "Query -> Post -> Comment -> Reaction -> User",
    "Query -> Post -> Comment -> Reaction -> User -> UserPreferences",
    "Query -> Post -> Comment -> Reaction -> User -> UserPreferences -> PrivacySettings",
    "Query -> Post -> Comment -> Reaction -> User -> UserPreferences -> NotificationPreferences",
    "Query -> Post -> Comment -> Reaction -> User -> Notification",
    "Query -> Post -> Comment -> Reaction -> User -> Notification -> JSON",
    "Query -> Post -> Comment -> Reaction -> User -> Notification -> DateTime",
    "Query -> Post -> Comment -> Reaction -> User -> Notification -> NotificationPriority",
    "Query -> Post -> Comment -> Reaction -> User -> UserProfile",
    "Query -> Post -> Comment -> Reaction -> User -> UserProfile -> Location",
    "Query -> Post -> Comment -> Reaction -> User -> UserProfile -> Location -> Coordinates",
    "Query -> Post -> Comment -> Reaction -> User -> UserProfile -> SocialLink",
    "Query -> Post -> Comment -> Reaction -> User -> UserProfile -> Media",
    "Query -> Post -> Comment -> Reaction -> User -> UserProfile -> Media -> MediaMetadata",
    "Query -> Post -> Comment -> Reaction -> User -> UserProfile -> Media -> MediaMetadata -> Dimensions",
    "Query -> Post -> Comment -> Reaction -> User -> UserProfile -> Media -> MediaType",
    "Query -> Post -> Comment -> Reaction -> User -> UserRole",
    "Query -> Post -> Comment -> Reaction -> User -> DateTime",
    "Query -> Post -> Comment -> User",
    "Query -> Post -> Comment -> User -> UserPreferences",
    "Query -> Post -> Comment -> User -> UserPreferences -> PrivacySettings",
    "Query -> Post -> Comment -> User -> UserPreferences -> NotificationPreferences",
    "Query -> Post -> Comment -> User -> Notification",
    "Query -> Post -> Comment -> User -> Notification -> JSON",
    "Query -> Post -> Comment -> User -> Notification -> DateTime",
    "Query -> Post -> Comment -> User -> Notification -> NotificationPriority",
    "Query -> Post -> Comment -> User -> UserProfile",
    "Query -> Post -> Comment -> User -> UserProfile -> Location",
    "Query -> Post -> Comment -> User -> UserProfile -> Location -> Coordinates",
    "Query -> Post -> Comment -> User -> UserProfile -> SocialLink",
    "Query -> Post -> Comment -> User -> UserProfile -> Media",
    "Query -> Post -> Comment -> User -> UserProfile -> Media -> MediaMetadata",
    "Query -> Post -> Comment -> User -> UserProfile -> Media -> MediaMetadata -> Dimensions",
    "Query -> Post -> Comment -> User -> UserProfile -> Media -> MediaType",
    "Query -> Post -> Comment -> User -> UserRole",
    "Query -> Post -> Comment -> User -> DateTime",
    "Query -> Post -> Comment -> DateTime",
    "Query -> Post -> JSON",
    "Query -> Post -> User",
    "Query -> Post -> User -> UserPreferences",
    "Query -> Post -> User -> UserPreferences -> PrivacySettings",
    "Query -> Post -> User -> UserPreferences -> NotificationPreferences",
    "Query -> Post -> User -> Notification",
    "Query -> Post -> User -> Notification -> JSON",
    "Query -> Post -> User -> Notification -> DateTime",
    "Query -> Post -> User -> Notification -> NotificationPriority",
    "Query -> Post -> User -> Comment",
    "Query -> Post -> User -> Comment -> Reaction",
    "Query -> Post -> User -> Comment -> Reaction -> DateTime",
    "Query -> Post -> User -> Comment -> DateTime",
    "Query -> Post -> User -> UserProfile",
    "Query -> Post -> User -> UserProfile -> Location",
    "Query -> Post -> User -> UserProfile -> Location -> Coordinates",
    "Query -> Post -> User -> UserProfile -> SocialLink",
    "Query -> Post -> User -> UserProfile -> Media",
    "Query -> Post -> User -> UserProfile -> Media -> MediaMetadata",
    "Query -> Post -> User -> UserProfile -> Media -> MediaMetadata -> Dimensions",
    "Query -> Post -> User -> UserProfile -> Media -> MediaType",
    "Query -> Post -> User -> UserRole",
    "Query -> Post -> User -> DateTime",
    "Query -> Post -> ContentStatus",
    "Query -> Post -> DateTime",
    "Query -> User",
    "Query -> User -> UserPreferences",
    "Query -> User -> UserPreferences -> PrivacySettings",
    "Query -> User -> UserPreferences -> NotificationPreferences",
    "Query -> User -> Notification",
    "Query -> User -> Notification -> JSON",
    "Query -> User -> Notification -> DateTime",
    "Query -> User -> Notification -> NotificationPriority",
    "Query -> User -> Comment",
    "Query -> User -> Comment -> Reaction",
    "Query -> User -> Comment -> Reaction -> DateTime",
    "Query -> User -> Comment -> Post",
    "Query -> User -> Comment -> Post -> PostAnalytics",
    "Query -> User -> Comment -> Post -> PostAnalytics -> Demographics",
    "Query -> User -> Comment -> Post -> PostAnalytics -> Demographics -> DeviceStats",
    "Query -> User -> Comment -> Post -> PostAnalytics -> Demographics -> LocationStats",
    "Query -> User -> Comment -> Post -> PostAnalytics -> Demographics -> AgeGroup",
    "Query -> User -> Comment -> Post -> Tag",
    "Query -> User -> Comment -> Post -> Media",
    "Query -> User -> Comment -> Post -> Media -> MediaMetadata",
    "Query -> User -> Comment -> Post -> Media -> MediaMetadata -> Dimensions",
    "Query -> User -> Comment -> Post -> Media -> MediaType",
    "Query -> User -> Comment -> Post -> JSON",
    "Query -> User -> Comment -> Post -> ContentStatus",
    "Query -> User -> Comment -> Post -> DateTime",
    "Query -> User -> Comment -> DateTime",
    "Query -> User -> Post",
    "Query -> User -> Post -> PostAnalytics",
    "Query -> User -> Post -> PostAnalytics -> Demographics",
    "Query -> User -> Post -> PostAnalytics -> Demographics -> DeviceStats",
    "Query -> User -> Post -> PostAnalytics -> Demographics -> LocationStats",
    "Query -> User -> Post -> PostAnalytics -> Demographics -> AgeGroup",
    "Query -> User -> Post -> Tag",
    "Query -> User -> Post -> Media",
    "Query -> User -> Post -> Media -> MediaMetadata",
    "Query -> User -> Post -> Media -> MediaMetadata -> Dimensions",
    "Query -> User -> Post -> Media -> MediaType",
    "Query -> User -> Post -> Comment",
    "Query -> User -> Post -> Comment -> Reaction",
    "Query -> User -> Post -> Comment -> Reaction -> DateTime",
    "Query -> User -> Post -> Comment -> DateTime",
    "Query -> User -> Post -> JSON",
    "Query -> User -> Post -> ContentStatus",
    "Query -> User -> Post -> DateTime",
    "Query -> User -> UserProfile",
    "Query -> User -> UserProfile -> Location",
    "Query -> User -> UserProfile -> Location -> Coordinates",
    "Query -> User -> UserProfile -> SocialLink",
    "Query -> User -> UserProfile -> Media",
    "Query -> User -> UserProfile -> Media -> MediaMetadata",
    "Query -> User -> UserProfile -> Media -> MediaMetadata -> Dimensions",
    "Query -> User -> UserProfile -> Media -> MediaType",
    "Query -> User -> UserRole",
    "Query -> User -> DateTime",
    "Query -> Node",
    "Query -> Node -> DateTime",
]
