---
source: crates/apollo-schema-index/src/lib.rs
expression: "results.iter().take(10).map(ToString::to_string).collect::<Vec<_>>().join(\"\\n\")"
---
Mutation -> Media -> MediaMetadata (2.7196836)
Mutation -> Media -> MediaMetadata -> Dimensions (2.6259823)
Query -> Post -> Media -> MediaMetadata (1.3924781)
Query -> Post -> Media -> MediaMetadata -> Dimensions (1.0756024)
Mutation -> Post -> Media -> MediaMetadata (0.7129488)
Mutation -> Post -> Media -> MediaMetadata -> Dimensions (0.44056678)
