---
source: crates/apollo-schema-index/src/lib.rs
expression: "results.iter().take(10).map(|s|\ns.inner.to_string()).collect::<Vec<_>>().join(\"\\n\")"
---
Mutation.uploadMedia(Upload): Media
Query.post(ID): Post
Query.posts(PostFilter): Post
Mutation.createPost(CreatePostInput): Post
Mutation.updatePost(ID, UpdatePostInput): Post
