---
source: crates/apollo-mcp-server/src/introspection/minify.rs
expression: minified
---
__Schema: T:"A GraphQL Schema defines the capabilities of a GraphQL server. It exposes all available types and directives on the server, as well as the entry points for query, mutation, and subscription operations."__Schema:description:s,"A list of all types supported by this server."types:[__Type!]!,"The type that query operations will be rooted at."queryType:__Type!,"If this server supports mutation, the type that mutation operations will be rooted at."mutationType:__Type,"If this server support subscription, the type that subscription operations will be rooted at."subscriptionType:__Type,"A list of all directives supported by this server."directives:[__Directive!]!
__Type: T:"The fundamental unit of any GraphQL Schema is the type. There are many kinds of types in GraphQL as represented by the `__TypeKind` enum. Depending on the kind of a type, certain fields describe information about that type. Scalar types provide no information beyond a name, description and optional `specifiedByURL`, while Enum types provide their values. Object and Interface types provide the fields they describe. Abstract types, Union and Interface, provide the Object types possible at runtime. List and NonNull types compose other types."__Type:kind:__TypeKind!,name:s,description:s,fields(includeDeprecated:b!):[__Field!],interfaces:[__Type!],possibleTypes:[__Type!],enumValues(includeDeprecated:b!):[__EnumValue!],inputFields(includeDeprecated:b!):[__InputValue!],ofType:__Type,specifiedByURL:s,isOneOf:b
__TypeKind: E:"An enum describing what kind of type a given `__Type` is."__TypeKind:SCALAR,OBJECT,INTERFACE,UNION,ENUM,INPUT_OBJECT,LIST,NON_NULL
__Field: T:"Object and Interface types are described by a list of Fields, each of which has a name, potentially a list of arguments, and a return type."__Field:name:s!,description:s,args(includeDeprecated:b!):[__InputValue!]!,type:__Type!,isDeprecated:b!,deprecationReason:s
__InputValue: T:"Arguments provided to Fields or Directives and the input fields of an InputObject are represented as Input Values which describe their type and optionally a default value."__InputValue:name:s!,description:s,type:__Type!,"A GraphQL-formatted string representing the default value for this input value."defaultValue:s,isDeprecated:b!,deprecationReason:s
__EnumValue: T:"One possible value for a given Enum. Enum values are unique values, not a placeholder for a string or numeric value. However an Enum value is returned in a JSON response as a string."__EnumValue:name:s!,description:s,isDeprecated:b!,deprecationReason:s
__Directive: T:"A Directive provides a way to describe alternate runtime execution and type validation behavior in a GraphQL document. In some cases, you need to provide options to alter GraphQL's execution behavior in ways field arguments will not suffice, such as conditionally including or skipping a field. Directives provide this by describing additional information to the executor."__Directive:name:s!,description:s,locations:[__DirectiveLocation!]!,args(includeDeprecated:b!):[__InputValue!]!,isRepeatable:b!
__DirectiveLocation: E:"A Directive can be adjacent to many parts of the GraphQL language, a __DirectiveLocation describes one such possible adjacencies."__DirectiveLocation:QUERY,MUTATION,SUBSCRIPTION,FIELD,FRAGMENT_DEFINITION,FRAGMENT_SPREAD,INLINE_FRAGMENT,VARIABLE_DEFINITION,SCHEMA,SCALAR,OBJECT,FIELD_DEFINITION,ARGUMENT_DEFINITION,INTERFACE,UNION,ENUM,ENUM_VALUE,INPUT_OBJECT,INPUT_FIELD_DEFINITION
Int: i
Float: f
String: s
Boolean: b
ID: d
DateTime: DateTime
JSON: JSON
Upload: Upload
UserRole: E:UserRole:ADMIN,MODERATOR,USER,GUEST
ContentStatus: E:ContentStatus:DRAFT,PUBLISHED,ARCHIVED,DELETED
NotificationPriority: E:NotificationPriority:LOW,MEDIUM,HIGH,URGENT
MediaType: E:MediaType:IMAGE,VIDEO,AUDIO,DOCUMENT
Node: F:Node:id:d!,createdAt:DateTime!,updatedAt:DateTime!
Content: F:Content:id:d!,title:s!,status:ContentStatus!,author:User!,metadata:JSON
User: T:User<Node>:id:d!,createdAt:DateTime!,updatedAt:DateTime!,username:s!,email:s!,role:UserRole!,profile:UserProfile,posts:[Post!]!,comments:[Comment!]!,notifications:[Notification!]!,preferences:UserPreferences!
UserProfile: T:UserProfile:firstName:s,lastName:s,bio:s,avatar:Media,socialLinks:[SocialLink!]!,location:Location
Location: T:Location:country:s!,city:s,coordinates:Coordinates
Coordinates: T:Coordinates:latitude:f!,longitude:f!
SocialLink: T:SocialLink:platform:s!,url:s!,verified:b!
Post: T:Post<Node,Content>:id:d!,createdAt:DateTime!,updatedAt:DateTime!,title:s!,content:s!,status:ContentStatus!,author:User!,metadata:JSON,comments:[Comment!]!,media:[Media!]!,tags:[Tag!]!,analytics:PostAnalytics!
Comment: T:Comment<Node>:id:d!,createdAt:DateTime!,updatedAt:DateTime!,content:s!,author:User!,post:Post!,parentComment:Comment,replies:[Comment!]!,reactions:[Reaction!]!
Media: T:Media:id:d!,type:MediaType!,url:s!,thumbnail:s,metadata:MediaMetadata!,uploader:User!
MediaMetadata: T:MediaMetadata:size:i!,format:s!,dimensions:Dimensions,duration:i
Dimensions: T:Dimensions:width:i!,height:i!
Tag: T:Tag:id:d!,name:s!,slug:s!,description:s,posts:[Post!]!
Reaction: T:Reaction:id:d!,type:s!,user:User!,comment:Comment!,createdAt:DateTime!
Notification: T:Notification:id:d!,type:s!,priority:NotificationPriority!,message:s!,recipient:User!,read:b!,createdAt:DateTime!,metadata:JSON
PostAnalytics: T:PostAnalytics:views:i!,likes:i!,shares:i!,comments:i!,engagement:f!,demographics:Demographics!
Demographics: T:Demographics:ageGroups:[AgeGroup!]!,locations:[LocationStats!]!,devices:[DeviceStats!]!
AgeGroup: T:AgeGroup:range:s!,percentage:f!
LocationStats: T:LocationStats:country:s!,count:i!
DeviceStats: T:DeviceStats:type:s!,count:i!
UserPreferences: T:UserPreferences:theme:s!,oldTheme:s@D,language:s!,notifications:NotificationPreferences!,privacy:PrivacySettings!
NotificationPreferences: T:NotificationPreferences:email:b!,push:b!,sms:b!,frequency:s!
PrivacySettings: T:PrivacySettings:profileVisibility:s!,showEmail:b!,showLocation:b!
CreateUserInput: I:CreateUserInput:username:s!,email:s!,password:s!,role:UserRole,profile:CreateUserProfileInput
CreateUserProfileInput: I:CreateUserProfileInput:firstName:s,lastName:s,bio:s,location:CreateLocationInput
CreateLocationInput: I:CreateLocationInput:country:s!,city:s,coordinates:CreateCoordinatesInput
CreateCoordinatesInput: I:CreateCoordinatesInput:latitude:f!,longitude:f!
CreatePostInput: I:CreatePostInput:title:s!,content:s!,status:ContentStatus,tags:[s!],media:[Upload!]
UpdatePostInput: I:UpdatePostInput:title:s,content:s,status:ContentStatus,tags:[s!]
CreateCommentInput: I:CreateCommentInput:content:s!,postId:d!,parentCommentId:d
NotificationFilter: I:NotificationFilter:priority:NotificationPriority,read:b,type:s,startDate:DateTime,endDate:DateTime
Query: T:Query:node(id:d!):Node,user(id:d!):User,post(id:d!):Post,postsOld(filter:[d!]):[Post!]!@D("Use posts instead"),posts(filter:PostFilter):[Post!]!,comments(postId:d!):[Comment!]!,notifications(filter:NotificationFilter):[Notification!]!,subNotifications(filter:NotificationFilter):[[Notification!]!]!,search(query:s!):SearchResult!
Mutation: T:Mutation:createUser(input:CreateUserInput!):User!,createPost(input:CreatePostInput!):Post!,updatePost(id:d!,input:UpdatePostInput!):Post!,createComment(input:CreateCommentInput!):Comment!,deletePost(id:d!):b!,uploadMedia(file:Upload!):Media!,updateUserPreferences(id:d!,preferences:UserPreferencesInput!):UserPreferences!
Subscription: T:Subscription:postUpdated(id:d!):Post!,newComment(postId:d!):Comment!,notificationReceived(userId:d!):Notification!
SearchResult: U:SearchResult:User,Post,Comment,Tag
PostFilter: I:PostFilter:status:ContentStatus,authorId:d,tags:[s!],dateRange:DateRangeInput
DateRangeInput: I:DateRangeInput:start:DateTime!,end:DateTime!
UserPreferencesInput: I:UserPreferencesInput:theme:s,language:s,notifications:NotificationPreferencesInput,privacy:PrivacySettingsInput
NotificationPreferencesInput: I:NotificationPreferencesInput:email:b,push:b,sms:b,frequency:s
PrivacySettingsInput: I:PrivacySettingsInput:profileVisibility:s,showEmail:b,showLocation:b
